[2025-12-28T21:58:54.715+0700] {local_task_job_runner.py:120} INFO - ::group::Pre task execution logs
[2025-12-28T21:58:54.767+0700] {taskinstance.py:2076} INFO - Dependencies all met for dep_context=non-requeueable deps ti=<TaskInstance: flight_ingestion_v2.transform_load_task manual__2025-12-28T14:50:06.415924+00:00 [queued]>
[2025-12-28T21:58:54.776+0700] {taskinstance.py:2076} INFO - Dependencies all met for dep_context=requeueable deps ti=<TaskInstance: flight_ingestion_v2.transform_load_task manual__2025-12-28T14:50:06.415924+00:00 [queued]>
[2025-12-28T21:58:54.776+0700] {taskinstance.py:2306} INFO - Starting attempt 2 of 2
[2025-12-28T21:58:54.798+0700] {taskinstance.py:2330} INFO - Executing <Task(PythonOperator): transform_load_task> on 2025-12-28 14:50:06.415924+00:00
[2025-12-28T21:58:54.804+0700] {standard_task_runner.py:63} INFO - Started process 298 to run task
[2025-12-28T21:58:54.807+0700] {standard_task_runner.py:90} INFO - Running: ['airflow', 'tasks', 'run', 'flight_ingestion_v2', 'transform_load_task', 'manual__2025-12-28T14:50:06.415924+00:00', '--job-id', '20', '--raw', '--subdir', 'DAGS_FOLDER/ingestion_dag.py', '--cfg-path', '/tmp/tmpdcbuexm7']
[2025-12-28T21:58:54.809+0700] {standard_task_runner.py:91} INFO - Job 20: Subtask transform_load_task
[2025-12-28T21:58:54.826+0700] {logging_mixin.py:188} WARNING - /home/airflow/.local/lib/python3.9/site-packages/airflow/settings.py:195 DeprecationWarning: The sql_alchemy_conn option in [core] has been moved to the sql_alchemy_conn option in [database] - the old setting has been used, but please update your config.
[2025-12-28T21:58:54.860+0700] {task_command.py:426} INFO - Running <TaskInstance: flight_ingestion_v2.transform_load_task manual__2025-12-28T14:50:06.415924+00:00 [running]> on host e671d87805a1
[2025-12-28T21:58:54.960+0700] {taskinstance.py:2648} INFO - Exporting env vars: AIRFLOW_CTX_DAG_OWNER='airflow' AIRFLOW_CTX_DAG_ID='flight_ingestion_v2' AIRFLOW_CTX_TASK_ID='transform_load_task' AIRFLOW_CTX_EXECUTION_DATE='2025-12-28T14:50:06.415924+00:00' AIRFLOW_CTX_TRY_NUMBER='2' AIRFLOW_CTX_DAG_RUN_ID='manual__2025-12-28T14:50:06.415924+00:00'
[2025-12-28T21:58:54.961+0700] {taskinstance.py:430} INFO - ::endgroup::
[2025-12-28T21:58:54.986+0700] {logging_mixin.py:188} INFO - ❌ Lỗi lấy dữ liệu từ DB: dict is not a sequence
[2025-12-28T21:58:54.987+0700] {taskinstance.py:441} INFO - ::group::Post task execution logs
[2025-12-28T21:58:54.988+0700] {taskinstance.py:2905} ERROR - Task failed with exception
Traceback (most recent call last):
  File "/home/airflow/.local/lib/python3.9/site-packages/airflow/models/taskinstance.py", line 465, in _execute_task
    result = _execute_callable(context=context, **execute_callable_kwargs)
  File "/home/airflow/.local/lib/python3.9/site-packages/airflow/models/taskinstance.py", line 432, in _execute_callable
    return execute_callable(context=context, **execute_callable_kwargs)
  File "/home/airflow/.local/lib/python3.9/site-packages/airflow/models/baseoperator.py", line 400, in wrapper
    return func(self, *args, **kwargs)
  File "/home/airflow/.local/lib/python3.9/site-packages/airflow/operators/python.py", line 235, in execute
    return_value = self.execute_callable()
  File "/home/airflow/.local/lib/python3.9/site-packages/airflow/operators/python.py", line 252, in execute_callable
    return self.python_callable(*self.op_args, **self.op_kwargs)
  File "/opt/airflow/src/etl/pipeline.py", line 94, in transform_load_flight_data
    df_raw = db_client.fetch_data(query)
  File "/opt/airflow/src/database/db_client.py", line 33, in fetch_data
    raise e
  File "/opt/airflow/src/database/db_client.py", line 28, in fetch_data
    df = pd.read_sql(query, conn)
  File "/home/airflow/.local/lib/python3.9/site-packages/pandas/io/sql.py", line 682, in read_sql
    return pandas_sql.read_query(
  File "/home/airflow/.local/lib/python3.9/site-packages/pandas/io/sql.py", line 1776, in read_query
    result = self.execute(sql, params)
  File "/home/airflow/.local/lib/python3.9/site-packages/pandas/io/sql.py", line 1599, in execute
    return self.con.exec_driver_sql(sql, *args)
  File "/home/airflow/.local/lib/python3.9/site-packages/sqlalchemy/engine/base.py", line 1770, in exec_driver_sql
    return self._exec_driver_sql(
  File "/home/airflow/.local/lib/python3.9/site-packages/sqlalchemy/engine/base.py", line 1674, in _exec_driver_sql
    ret = self._execute_context(
  File "/home/airflow/.local/lib/python3.9/site-packages/sqlalchemy/engine/base.py", line 1953, in _execute_context
    self._handle_dbapi_exception(
  File "/home/airflow/.local/lib/python3.9/site-packages/sqlalchemy/engine/base.py", line 2138, in _handle_dbapi_exception
    util.raise_(exc_info[1], with_traceback=exc_info[2])
  File "/home/airflow/.local/lib/python3.9/site-packages/sqlalchemy/util/compat.py", line 211, in raise_
    raise exception
  File "/home/airflow/.local/lib/python3.9/site-packages/sqlalchemy/engine/base.py", line 1910, in _execute_context
    self.dialect.do_execute(
  File "/home/airflow/.local/lib/python3.9/site-packages/sqlalchemy/engine/default.py", line 736, in do_execute
    cursor.execute(statement, parameters)
TypeError: dict is not a sequence
[2025-12-28T21:58:54.998+0700] {taskinstance.py:1206} INFO - Marking task as FAILED. dag_id=flight_ingestion_v2, task_id=transform_load_task, run_id=manual__2025-12-28T14:50:06.415924+00:00, execution_date=20251228T145006, start_date=20251228T145854, end_date=20251228T145854
[2025-12-28T21:58:55.011+0700] {standard_task_runner.py:110} ERROR - Failed to execute job 20 for task transform_load_task (dict is not a sequence; 298)
[2025-12-28T21:58:55.027+0700] {local_task_job_runner.py:240} INFO - Task exited with return code 1
[2025-12-28T21:58:55.045+0700] {taskinstance.py:3498} INFO - 0 downstream tasks scheduled from follow-on schedule check
[2025-12-28T21:58:55.047+0700] {local_task_job_runner.py:222} INFO - ::endgroup::
