[2025-12-28T21:50:07.658+0700] {local_task_job_runner.py:120} INFO - ::group::Pre task execution logs
[2025-12-28T21:50:07.688+0700] {taskinstance.py:2076} INFO - Dependencies all met for dep_context=non-requeueable deps ti=<TaskInstance: flight_ingestion_v2.extract_task manual__2025-12-28T14:50:06.415924+00:00 [queued]>
[2025-12-28T21:50:07.698+0700] {taskinstance.py:2076} INFO - Dependencies all met for dep_context=requeueable deps ti=<TaskInstance: flight_ingestion_v2.extract_task manual__2025-12-28T14:50:06.415924+00:00 [queued]>
[2025-12-28T21:50:07.698+0700] {taskinstance.py:2306} INFO - Starting attempt 1 of 2
[2025-12-28T21:50:07.715+0700] {taskinstance.py:2330} INFO - Executing <Task(PythonOperator): extract_task> on 2025-12-28 14:50:06.415924+00:00
[2025-12-28T21:50:07.720+0700] {standard_task_runner.py:63} INFO - Started process 190 to run task
[2025-12-28T21:50:07.724+0700] {standard_task_runner.py:90} INFO - Running: ['airflow', 'tasks', 'run', 'flight_ingestion_v2', 'extract_task', 'manual__2025-12-28T14:50:06.415924+00:00', '--job-id', '18', '--raw', '--subdir', 'DAGS_FOLDER/ingestion_dag.py', '--cfg-path', '/tmp/tmptvqno04s']
[2025-12-28T21:50:07.726+0700] {standard_task_runner.py:91} INFO - Job 18: Subtask extract_task
[2025-12-28T21:50:07.742+0700] {logging_mixin.py:188} WARNING - /home/airflow/.local/lib/python3.9/site-packages/airflow/settings.py:195 DeprecationWarning: The sql_alchemy_conn option in [core] has been moved to the sql_alchemy_conn option in [database] - the old setting has been used, but please update your config.
[2025-12-28T21:50:07.776+0700] {task_command.py:426} INFO - Running <TaskInstance: flight_ingestion_v2.extract_task manual__2025-12-28T14:50:06.415924+00:00 [running]> on host e671d87805a1
[2025-12-28T21:50:07.872+0700] {taskinstance.py:2648} INFO - Exporting env vars: AIRFLOW_CTX_DAG_OWNER='airflow' AIRFLOW_CTX_DAG_ID='flight_ingestion_v2' AIRFLOW_CTX_TASK_ID='extract_task' AIRFLOW_CTX_EXECUTION_DATE='2025-12-28T14:50:06.415924+00:00' AIRFLOW_CTX_TRY_NUMBER='1' AIRFLOW_CTX_DAG_RUN_ID='manual__2025-12-28T14:50:06.415924+00:00'
[2025-12-28T21:50:07.873+0700] {taskinstance.py:430} INFO - ::endgroup::
[2025-12-28T21:50:07.901+0700] {logging_mixin.py:188} INFO - --- Bắt đầu Extract từ 2025-12-28 đến 2026-01-02 ---
[2025-12-28T21:50:07.907+0700] {logging_mixin.py:188} INFO - Processing: HAN -> SGN on 2025-12-28 (Economy)
[2025-12-28T21:50:20.685+0700] {logging_mixin.py:188} INFO - -> Đã cào được 4 chuyến bay: HAN -> SGN
[2025-12-28T21:50:20.765+0700] {logging_mixin.py:188} INFO - Processing: HAN -> SGN on 2025-12-28 (Business)
[2025-12-28T21:50:29.691+0700] {logging_mixin.py:188} INFO - -> Đã cào được 2 chuyến bay: HAN -> SGN
[2025-12-28T21:50:29.769+0700] {logging_mixin.py:188} INFO - Processing: HAN -> SGN on 2025-12-29 (Economy)
[2025-12-28T21:50:56.776+0700] {logging_mixin.py:188} INFO - -> Đã cào được 62 chuyến bay: HAN -> SGN
[2025-12-28T21:50:56.853+0700] {logging_mixin.py:188} INFO - Processing: HAN -> SGN on 2025-12-29 (Business)
[2025-12-28T21:51:10.381+0700] {logging_mixin.py:188} INFO - -> Đã cào được 26 chuyến bay: HAN -> SGN
[2025-12-28T21:51:10.453+0700] {logging_mixin.py:188} INFO - Processing: HAN -> SGN on 2025-12-30 (Economy)
[2025-12-28T21:51:33.010+0700] {logging_mixin.py:188} INFO - -> Đã cào được 68 chuyến bay: HAN -> SGN
[2025-12-28T21:51:33.084+0700] {logging_mixin.py:188} INFO - Processing: HAN -> SGN on 2025-12-30 (Business)
[2025-12-28T21:51:47.414+0700] {logging_mixin.py:188} INFO - -> Đã cào được 27 chuyến bay: HAN -> SGN
[2025-12-28T21:51:47.488+0700] {logging_mixin.py:188} INFO - Processing: HAN -> SGN on 2025-12-31 (Economy)
[2025-12-28T21:52:11.367+0700] {logging_mixin.py:188} INFO - -> Đã cào được 71 chuyến bay: HAN -> SGN
[2025-12-28T21:52:11.441+0700] {logging_mixin.py:188} INFO - Processing: HAN -> SGN on 2025-12-31 (Business)
[2025-12-28T21:52:28.821+0700] {logging_mixin.py:188} INFO - -> Đã cào được 27 chuyến bay: HAN -> SGN
[2025-12-28T21:52:28.898+0700] {logging_mixin.py:188} INFO - Processing: HAN -> SGN on 2026-01-01 (Economy)
[2025-12-28T21:52:49.647+0700] {logging_mixin.py:188} INFO - -> Đã cào được 63 chuyến bay: HAN -> SGN
[2025-12-28T21:52:49.730+0700] {logging_mixin.py:188} INFO - Processing: HAN -> SGN on 2026-01-01 (Business)
[2025-12-28T21:53:09.432+0700] {logging_mixin.py:188} INFO - -> Đã cào được 29 chuyến bay: HAN -> SGN
[2025-12-28T21:53:09.506+0700] {logging_mixin.py:188} INFO - Processing: HAN -> SGN on 2026-01-02 (Economy)
[2025-12-28T21:53:32.737+0700] {logging_mixin.py:188} INFO - -> Đã cào được 65 chuyến bay: HAN -> SGN
[2025-12-28T21:53:32.811+0700] {logging_mixin.py:188} INFO - Processing: HAN -> SGN on 2026-01-02 (Business)
[2025-12-28T21:53:51.945+0700] {logging_mixin.py:188} INFO - -> Đã cào được 30 chuyến bay: HAN -> SGN
[2025-12-28T21:53:52.056+0700] {logging_mixin.py:188} INFO - ✅ Đã lưu 474 dòng vào bảng flight_raw
[2025-12-28T21:53:52.057+0700] {python.py:237} INFO - Done. Returned value was: None
[2025-12-28T21:53:52.058+0700] {taskinstance.py:441} INFO - ::group::Post task execution logs
[2025-12-28T21:53:52.066+0700] {taskinstance.py:1206} INFO - Marking task as SUCCESS. dag_id=flight_ingestion_v2, task_id=extract_task, run_id=manual__2025-12-28T14:50:06.415924+00:00, execution_date=20251228T145006, start_date=20251228T145007, end_date=20251228T145352
[2025-12-28T21:53:52.084+0700] {local_task_job_runner.py:240} INFO - Task exited with return code 0
[2025-12-28T21:53:52.102+0700] {taskinstance.py:3498} INFO - 1 downstream tasks scheduled from follow-on schedule check
[2025-12-28T21:53:52.104+0700] {local_task_job_runner.py:222} INFO - ::endgroup::
