[2025-12-28T20:52:05.538+0700] {local_task_job_runner.py:120} INFO - ::group::Pre task execution logs
[2025-12-28T20:52:05.578+0700] {taskinstance.py:2076} INFO - Dependencies all met for dep_context=non-requeueable deps ti=<TaskInstance: flight_ingestion_v2.extract_task manual__2025-12-28T13:52:04.045594+00:00 [queued]>
[2025-12-28T20:52:05.591+0700] {taskinstance.py:2076} INFO - Dependencies all met for dep_context=requeueable deps ti=<TaskInstance: flight_ingestion_v2.extract_task manual__2025-12-28T13:52:04.045594+00:00 [queued]>
[2025-12-28T20:52:05.592+0700] {taskinstance.py:2306} INFO - Starting attempt 1 of 2
[2025-12-28T20:52:05.620+0700] {taskinstance.py:2330} INFO - Executing <Task(PythonOperator): extract_task> on 2025-12-28 13:52:04.045594+00:00
[2025-12-28T20:52:05.627+0700] {standard_task_runner.py:63} INFO - Started process 211 to run task
[2025-12-28T20:52:05.633+0700] {standard_task_runner.py:90} INFO - Running: ['airflow', 'tasks', 'run', 'flight_ingestion_v2', 'extract_task', 'manual__2025-12-28T13:52:04.045594+00:00', '--job-id', '8', '--raw', '--subdir', 'DAGS_FOLDER/ingestion_dag.py', '--cfg-path', '/tmp/tmp0wv6gl6n']
[2025-12-28T20:52:05.636+0700] {standard_task_runner.py:91} INFO - Job 8: Subtask extract_task
[2025-12-28T20:52:05.658+0700] {logging_mixin.py:188} WARNING - /home/airflow/.local/lib/python3.9/site-packages/airflow/settings.py:195 DeprecationWarning: The sql_alchemy_conn option in [core] has been moved to the sql_alchemy_conn option in [database] - the old setting has been used, but please update your config.
[2025-12-28T20:52:05.705+0700] {task_command.py:426} INFO - Running <TaskInstance: flight_ingestion_v2.extract_task manual__2025-12-28T13:52:04.045594+00:00 [running]> on host 6d806d289546
[2025-12-28T20:52:05.828+0700] {taskinstance.py:2648} INFO - Exporting env vars: AIRFLOW_CTX_DAG_OWNER='airflow' AIRFLOW_CTX_DAG_ID='flight_ingestion_v2' AIRFLOW_CTX_TASK_ID='extract_task' AIRFLOW_CTX_EXECUTION_DATE='2025-12-28T13:52:04.045594+00:00' AIRFLOW_CTX_TRY_NUMBER='1' AIRFLOW_CTX_DAG_RUN_ID='manual__2025-12-28T13:52:04.045594+00:00'
[2025-12-28T20:52:05.830+0700] {taskinstance.py:430} INFO - ::endgroup::
[2025-12-28T20:52:05.849+0700] {logging_mixin.py:188} INFO - --- Bắt đầu Extract từ 2025-12-28 đến 2026-01-02 ---
[2025-12-28T20:52:05.857+0700] {logging_mixin.py:188} INFO - Processing: HAN -> SGN on 2025-12-28 (Economy)
[2025-12-28T20:52:18.595+0700] {logging_mixin.py:188} INFO - -> Đã cào được 9 chuyến bay: HAN -> SGN
[2025-12-28T20:52:18.678+0700] {logging_mixin.py:188} INFO - Processing: HAN -> SGN on 2025-12-28 (Business)
[2025-12-28T20:52:28.063+0700] {logging_mixin.py:188} INFO - -> Đã cào được 4 chuyến bay: HAN -> SGN
[2025-12-28T20:52:28.144+0700] {logging_mixin.py:188} INFO - Processing: HAN -> SGN on 2025-12-29 (Economy)
[2025-12-28T20:53:05.094+0700] {logging_mixin.py:188} INFO - -> Đã cào được 63 chuyến bay: HAN -> SGN
[2025-12-28T20:53:05.172+0700] {logging_mixin.py:188} INFO - Processing: HAN -> SGN on 2025-12-29 (Business)
[2025-12-28T20:53:20.725+0700] {logging_mixin.py:188} INFO - -> Đã cào được 26 chuyến bay: HAN -> SGN
[2025-12-28T20:53:20.811+0700] {logging_mixin.py:188} INFO - Processing: HAN -> SGN on 2025-12-30 (Economy)
[2025-12-28T20:53:31.687+0700] {local_task_job_runner.py:310} WARNING - State of this instance has been externally set to None. Terminating instance.
[2025-12-28T20:53:31.690+0700] {local_task_job_runner.py:222} INFO - ::endgroup::
[2025-12-28T20:53:31.696+0700] {process_utils.py:132} INFO - Sending 15 to group 211. PIDs of all processes in the group: [211]
[2025-12-28T20:53:31.699+0700] {process_utils.py:87} INFO - Sending the signal 15 to group 211
[2025-12-28T20:53:31.700+0700] {taskinstance.py:2611} ERROR - Received SIGTERM. Terminating subprocesses.
[2025-12-28T20:53:31.774+0700] {taskinstance.py:441} INFO - ::group::Post task execution logs
[2025-12-28T20:53:31.782+0700] {taskinstance.py:2905} ERROR - Task failed with exception
Traceback (most recent call last):
  File "/home/airflow/.local/lib/python3.9/site-packages/airflow/models/taskinstance.py", line 465, in _execute_task
    result = _execute_callable(context=context, **execute_callable_kwargs)
  File "/home/airflow/.local/lib/python3.9/site-packages/airflow/models/taskinstance.py", line 432, in _execute_callable
    return execute_callable(context=context, **execute_callable_kwargs)
  File "/home/airflow/.local/lib/python3.9/site-packages/airflow/models/baseoperator.py", line 400, in wrapper
    return func(self, *args, **kwargs)
  File "/home/airflow/.local/lib/python3.9/site-packages/airflow/operators/python.py", line 235, in execute
    return_value = self.execute_callable()
  File "/home/airflow/.local/lib/python3.9/site-packages/airflow/operators/python.py", line 252, in execute_callable
    return self.python_callable(*self.op_args, **self.op_kwargs)
  File "/opt/airflow/src/etl/pipeline.py", line 30, in extract_flight_data
    df_result = GGFlightScraper(
  File "/opt/airflow/src/scraping/ggflight_scraper.py", line 372, in GGFlightScraper
    result_df = scrape(flight_df, dep, arr, dd, tc)
  File "/opt/airflow/src/scraping/ggflight_scraper.py", line 254, in scrape
    time.sleep(5)
  File "/home/airflow/.local/lib/python3.9/site-packages/airflow/models/taskinstance.py", line 2613, in signal_handler
    raise AirflowTaskTerminated("Task received SIGTERM signal")
airflow.exceptions.AirflowTaskTerminated: Task received SIGTERM signal
[2025-12-28T20:53:31.787+0700] {taskinstance.py:1206} INFO - Marking task as FAILED. dag_id=flight_ingestion_v2, task_id=extract_task, run_id=manual__2025-12-28T13:52:04.045594+00:00, execution_date=20251228T135204, start_date=20251228T135205, end_date=20251228T135331
[2025-12-28T20:53:31.800+0700] {standard_task_runner.py:110} ERROR - Failed to execute job 8 for task extract_task ((psycopg2.errors.ForeignKeyViolation) insert or update on table "task_fail" violates foreign key constraint "task_fail_ti_fkey"
DETAIL:  Key (dag_id, task_id, run_id, map_index)=(flight_ingestion_v2, extract_task, manual__2025-12-28T13:52:04.045594+00:00, -1) is not present in table "task_instance".

[SQL: INSERT INTO task_fail (task_id, dag_id, run_id, map_index, start_date, end_date, duration) VALUES (%(task_id)s, %(dag_id)s, %(run_id)s, %(map_index)s, %(start_date)s, %(end_date)s, %(duration)s) RETURNING task_fail.id]
[parameters: {'task_id': 'extract_task', 'dag_id': 'flight_ingestion_v2', 'run_id': 'manual__2025-12-28T13:52:04.045594+00:00', 'map_index': -1, 'start_date': datetime.datetime(2025, 12, 28, 13, 52, 5, 579181, tzinfo=Timezone('UTC')), 'end_date': datetime.datetime(2025, 12, 28, 13, 53, 31, 786848, tzinfo=Timezone('UTC')), 'duration': 86}]
(Background on this error at: https://sqlalche.me/e/14/gkpj); 211)
[2025-12-28T20:53:31.838+0700] {process_utils.py:80} INFO - Process psutil.Process(pid=211, status='terminated', exitcode=1, started='20:52:04') (211) terminated with exit code 1
