[2025-12-28T20:11:53.069+0700] {local_task_job_runner.py:120} INFO - ::group::Pre task execution logs
[2025-12-28T20:11:53.211+0700] {taskinstance.py:2076} INFO - Dependencies all met for dep_context=non-requeueable deps ti=<TaskInstance: flight_ingestion_v2.extract_task manual__2025-12-28T13:11:50.452657+00:00 [queued]>
[2025-12-28T20:11:53.252+0700] {taskinstance.py:2076} INFO - Dependencies all met for dep_context=requeueable deps ti=<TaskInstance: flight_ingestion_v2.extract_task manual__2025-12-28T13:11:50.452657+00:00 [queued]>
[2025-12-28T20:11:53.254+0700] {taskinstance.py:2306} INFO - Starting attempt 1 of 2
[2025-12-28T20:11:53.317+0700] {taskinstance.py:2330} INFO - Executing <Task(PythonOperator): extract_task> on 2025-12-28 13:11:50.452657+00:00
[2025-12-28T20:11:53.334+0700] {standard_task_runner.py:63} INFO - Started process 334 to run task
[2025-12-28T20:11:53.347+0700] {standard_task_runner.py:90} INFO - Running: ['airflow', 'tasks', 'run', 'flight_ingestion_v2', 'extract_task', 'manual__2025-12-28T13:11:50.452657+00:00', '--job-id', '4', '--raw', '--subdir', 'DAGS_FOLDER/ingestion_dag.py', '--cfg-path', '/tmp/tmpz1v9_cop']
[2025-12-28T20:11:53.355+0700] {standard_task_runner.py:91} INFO - Job 4: Subtask extract_task
[2025-12-28T20:11:53.417+0700] {logging_mixin.py:188} WARNING - /home/airflow/.local/lib/python3.9/site-packages/airflow/settings.py:195 DeprecationWarning: The sql_alchemy_conn option in [core] has been moved to the sql_alchemy_conn option in [database] - the old setting has been used, but please update your config.
[2025-12-28T20:11:53.596+0700] {task_command.py:426} INFO - Running <TaskInstance: flight_ingestion_v2.extract_task manual__2025-12-28T13:11:50.452657+00:00 [running]> on host 51700688ae22
[2025-12-28T20:11:54.101+0700] {taskinstance.py:2648} INFO - Exporting env vars: AIRFLOW_CTX_DAG_OWNER='airflow' AIRFLOW_CTX_DAG_ID='flight_ingestion_v2' AIRFLOW_CTX_TASK_ID='extract_task' AIRFLOW_CTX_EXECUTION_DATE='2025-12-28T13:11:50.452657+00:00' AIRFLOW_CTX_TRY_NUMBER='1' AIRFLOW_CTX_DAG_RUN_ID='manual__2025-12-28T13:11:50.452657+00:00'
[2025-12-28T20:11:54.107+0700] {taskinstance.py:430} INFO - ::endgroup::
[2025-12-28T20:11:54.170+0700] {logging_mixin.py:188} INFO - --- Bắt đầu Extract từ 2025-12-28 đến 2026-01-02 ---
[2025-12-28T20:11:54.202+0700] {logging_mixin.py:188} INFO - Processing: HAN -> SGN on 2025-12-28 (Economy)
[2025-12-28T20:12:59.974+0700] {logging_mixin.py:188} INFO - -> Đã cào được 9 chuyến bay: HAN -> SGN
[2025-12-28T20:13:00.095+0700] {logging_mixin.py:188} INFO - Processing: HAN -> SGN on 2025-12-28 (Business)
[2025-12-28T20:18:00.164+0700] {logging_mixin.py:188} INFO - LỖI: Không thể kết nối tới Selenium Container. Chi tiết: Message: Could not start a new session. New session request timed out 
Host info: host: '68cb537da35a', ip: '172.19.0.3'
Build info: version: '4.39.0', revision: '126f156aee'
System info: os.name: 'Linux', os.arch: 'amd64', os.version: '6.11.11-linuxkit', java.version: '21.0.9'
Driver info: driver.version: unknown; For documentation on this error, please visit: https://www.selenium.dev/documentation/webdriver/troubleshooting/errors#sessionnotcreatedexception
Stacktrace:
    at org.openqa.selenium.grid.sessionqueue.local.LocalNewSessionQueue.addToQueue (LocalNewSessionQueue.java:227)
    at org.openqa.selenium.grid.sessionqueue.NewSessionQueue.lambda$new$0 (NewSessionQueue.java:68)
    at org.openqa.selenium.remote.http.Route$TemplatizedRoute.handle (Route.java:192)
    at org.openqa.selenium.remote.http.Route.execute (Route.java:69)
    at org.openqa.selenium.remote.http.Route$CombinedRoute.handle (Route.java:361)
    at org.openqa.selenium.remote.http.Route.execute (Route.java:69)
    at org.openqa.selenium.grid.sessionqueue.NewSessionQueue.execute (NewSessionQueue.java:128)
    at org.openqa.selenium.remote.tracing.SpanWrappedHttpHandler.execute (SpanWrappedHttpHandler.java:87)
    at org.openqa.selenium.remote.http.Filter$1.execute (Filter.java:63)
    at org.openqa.selenium.remote.http.Route$CombinedRoute.handle (Route.java:361)
    at org.openqa.selenium.remote.http.Route.execute (Route.java:69)
    at org.openqa.selenium.grid.router.Router.execute (Router.java:89)
    at org.openqa.selenium.grid.web.EnsureSpecCompliantResponseHeaders.lambda$apply$0 (EnsureSpecCompliantResponseHeaders.java:34)
    at org.openqa.selenium.remote.http.Filter$1.execute (Filter.java:63)
    at org.openqa.selenium.remote.http.Route$CombinedRoute.handle (Route.java:361)
    at org.openqa.selenium.remote.http.Route.execute (Route.java:69)
    at org.openqa.selenium.remote.http.Route$NestedRoute.handle (Route.java:271)
    at org.openqa.selenium.remote.http.Route.execute (Route.java:69)
    at org.openqa.selenium.remote.http.Route$CombinedRoute.handle (Route.java:361)
    at org.openqa.selenium.remote.http.Route.execute (Route.java:69)
    at org.openqa.selenium.remote.AddWebDriverSpecHeaders.lambda$apply$0 (AddWebDriverSpecHeaders.java:35)
    at org.openqa.selenium.remote.ErrorFilter.lambda$apply$0 (ErrorFilter.java:44)
    at org.openqa.selenium.remote.http.Filter$1.execute (Filter.java:63)
    at org.openqa.selenium.remote.ErrorFilter.lambda$apply$0 (ErrorFilter.java:44)
    at org.openqa.selenium.remote.http.Filter$1.execute (Filter.java:63)
    at org.openqa.selenium.netty.server.SeleniumHandler.lambda$channelRead0$0 (SeleniumHandler.java:49)
    at java.util.concurrent.Executors$RunnableAdapter.call (Executors.java:572)
    at java.util.concurrent.FutureTask.run (FutureTask.java:317)
    at java.util.concurrent.ThreadPoolExecutor.runWorker (ThreadPoolExecutor.java:1144)
    at java.util.concurrent.ThreadPoolExecutor$Worker.run (ThreadPoolExecutor.java:642)
    at java.lang.Thread.run (Thread.java:1583)
[2025-12-28T20:18:00.168+0700] {logging_mixin.py:188} INFO - Processing: HAN -> SGN on 2025-12-29 (Economy)
[2025-12-28T20:20:01.497+0700] {logging_mixin.py:188} INFO - -> Đã cào được 63 chuyến bay: HAN -> SGN
[2025-12-28T20:20:01.715+0700] {logging_mixin.py:188} INFO - Processing: HAN -> SGN on 2025-12-29 (Business)
[2025-12-28T20:20:41.928+0700] {logging_mixin.py:188} INFO - -> Đã cào được 26 chuyến bay: HAN -> SGN
[2025-12-28T20:20:42.056+0700] {logging_mixin.py:188} INFO - Processing: HAN -> SGN on 2025-12-30 (Economy)
[2025-12-28T20:21:59.765+0700] {logging_mixin.py:188} INFO - -> Đã cào được 68 chuyến bay: HAN -> SGN
[2025-12-28T20:21:59.924+0700] {logging_mixin.py:188} INFO - Processing: HAN -> SGN on 2025-12-30 (Business)
[2025-12-28T20:22:38.755+0700] {logging_mixin.py:188} INFO - -> Đã cào được 27 chuyến bay: HAN -> SGN
[2025-12-28T20:22:38.892+0700] {logging_mixin.py:188} INFO - Processing: HAN -> SGN on 2025-12-31 (Economy)
[2025-12-28T20:23:59.449+0700] {logging_mixin.py:188} INFO - -> Đã cào được 71 chuyến bay: HAN -> SGN
[2025-12-28T20:23:59.577+0700] {logging_mixin.py:188} INFO - Processing: HAN -> SGN on 2025-12-31 (Business)
[2025-12-28T20:24:34.728+0700] {logging_mixin.py:188} INFO - -> Đã cào được 27 chuyến bay: HAN -> SGN
[2025-12-28T20:24:34.864+0700] {logging_mixin.py:188} INFO - Processing: HAN -> SGN on 2026-01-01 (Economy)
[2025-12-28T20:25:45.107+0700] {logging_mixin.py:188} INFO - -> Đã cào được 63 chuyến bay: HAN -> SGN
[2025-12-28T20:25:45.309+0700] {logging_mixin.py:188} INFO - Processing: HAN -> SGN on 2026-01-01 (Business)
[2025-12-28T20:26:32.272+0700] {logging_mixin.py:188} INFO - -> Đã cào được 29 chuyến bay: HAN -> SGN
[2025-12-28T20:26:32.397+0700] {logging_mixin.py:188} INFO - Processing: HAN -> SGN on 2026-01-02 (Economy)
[2025-12-28T20:27:59.901+0700] {logging_mixin.py:188} INFO - -> Đã cào được 65 chuyến bay: HAN -> SGN
[2025-12-28T20:28:00.078+0700] {logging_mixin.py:188} INFO - Processing: HAN -> SGN on 2026-01-02 (Business)
[2025-12-28T20:28:47.389+0700] {logging_mixin.py:188} INFO - -> Đã cào được 30 chuyến bay: HAN -> SGN
[2025-12-28T20:28:47.702+0700] {logging_mixin.py:188} INFO - ❌ Lỗi lưu DB: (psycopg2.errors.UndefinedColumn) column "is_nonstop" of relation "flight_raw" does not exist
LINE 1: ...ime, airline_name, travel_class, num_stop, price, is_nonstop...
                                                             ^

[SQL: INSERT INTO flight_raw (timestamp, id_departure, id_arrival, departure_datetime, arrival_datetime, airline_name, travel_class, num_stop, price, is_nonstop) VALUES (%(timestamp)s, %(id_departure)s, %(id_arrival)s, %(departure_datetime)s, %(arrival_datetime)s, %(airline_name)s, %(travel_class)s, %(num_stop)s, %(price)s, %(is_nonstop)s)]
[parameters: ({'timestamp': '2025-12-28 20:12:54', 'id_departure': 'HAN', 'id_arrival': 'SGN', 'departure_datetime': '2025-12-28 23:50', 'arrival_datetime': '2025-12-29 02:10', 'airline_name': 'Vietravel Airlines', 'travel_class': 'Economy', 'num_stop': None, 'price': '1981240', 'is_nonstop': True}, {'timestamp': '2025-12-28 20:12:54', 'id_departure': 'HAN', 'id_arrival': 'SGN', 'departure_datetime': '2025-12-28 21:00', 'arrival_datetime': '2025-12-28 23:10', 'airline_name': 'Vietnam Airlines', 'travel_class': 'Economy', 'num_stop': None, 'price': '2188000', 'is_nonstop': True}, {'timestamp': '2025-12-28 20:12:54', 'id_departure': 'HAN', 'id_arrival': 'SGN', 'departure_datetime': '2025-12-28 21:50', 'arrival_datetime': '2025-12-29 00:05', 'airline_name': 'Bamboo Airways', 'travel_class': 'Economy', 'num_stop': None, 'price': '2808000', 'is_nonstop': True}, {'timestamp': '2025-12-28 20:12:54', 'id_departure': 'HAN', 'id_arrival': 'SGN', 'departure_datetime': '2025-12-28 22:35', 'arrival_datetime': '2025-12-29 00:50', 'airline_name': 'Bamboo Airways', 'travel_class': 'Economy', 'num_stop': None, 'price': '2808000', 'is_nonstop': True}, {'timestamp': '2025-12-28 20:12:54', 'id_departure': 'HAN', 'id_arrival': 'SGN', 'departure_datetime': '2025-12-28 22:20', 'arrival_datetime': '2025-12-29 00:30', 'airline_name': 'Vietnam Airlines', 'travel_class': 'Economy', 'num_stop': None, 'price': '2836000', 'is_nonstop': True}, {'timestamp': '2025-12-28 20:12:54', 'id_departure': 'HAN', 'id_arrival': 'SGN', 'departure_datetime': '2025-12-28 22:50', 'arrival_datetime': '2025-12-29 01:05', 'airline_name': 'Vietnam Airlines', 'travel_class': 'Economy', 'num_stop': None, 'price': '2836000', 'is_nonstop': True}, {'timestamp': '2025-12-28 20:12:54', 'id_departure': 'HAN', 'id_arrival': 'SGN', 'departure_datetime': '2025-12-28 23:00', 'arrival_datetime': '2025-12-29 01:10', 'airline_name': 'Vietnam Airlines', 'travel_class': 'Economy', 'num_stop': None, 'price': '2836000', 'is_nonstop': True}, {'timestamp': '2025-12-28 20:12:54', 'id_departure': 'HAN', 'id_arrival': 'SGN', 'departure_datetime': '2025-12-28 22:00', 'arrival_datetime': '2025-12-29 00:10', 'airline_name': 'Vietnam Airlines', 'travel_class': 'Economy', 'num_stop': None, 'price': '3495000', 'is_nonstop': True}  ... displaying 10 of 478 total bound parameter sets ...  {'timestamp': '2025-12-28 20:28:16', 'id_departure': 'HAN', 'id_arrival': 'SGN', 'departure_datetime': '2026-01-02 19:45', 'arrival_datetime': '2026-01-03 01:20', 'airline_name': 'China Southern', 'travel_class': 'Business', 'num_stop': None, 'price': '15803000', 'is_nonstop': False}, {'timestamp': '2025-12-28 20:28:16', 'id_departure': 'HAN', 'id_arrival': 'SGN', 'departure_datetime': '2026-01-02 11:05', 'arrival_datetime': '2026-01-02 18:35', 'airline_name': 'Cathay Pacific', 'travel_class': 'Business', 'num_stop': None, 'price': '19193000', 'is_nonstop': False})]
(Background on this error at: https://sqlalche.me/e/14/f405)
[2025-12-28T20:28:47.706+0700] {logging_mixin.py:188} INFO - --- Lỗi Critical: (psycopg2.errors.UndefinedColumn) column "is_nonstop" of relation "flight_raw" does not exist
LINE 1: ...ime, airline_name, travel_class, num_stop, price, is_nonstop...
                                                             ^

[SQL: INSERT INTO flight_raw (timestamp, id_departure, id_arrival, departure_datetime, arrival_datetime, airline_name, travel_class, num_stop, price, is_nonstop) VALUES (%(timestamp)s, %(id_departure)s, %(id_arrival)s, %(departure_datetime)s, %(arrival_datetime)s, %(airline_name)s, %(travel_class)s, %(num_stop)s, %(price)s, %(is_nonstop)s)]
[parameters: ({'timestamp': '2025-12-28 20:12:54', 'id_departure': 'HAN', 'id_arrival': 'SGN', 'departure_datetime': '2025-12-28 23:50', 'arrival_datetime': '2025-12-29 02:10', 'airline_name': 'Vietravel Airlines', 'travel_class': 'Economy', 'num_stop': None, 'price': '1981240', 'is_nonstop': True}, {'timestamp': '2025-12-28 20:12:54', 'id_departure': 'HAN', 'id_arrival': 'SGN', 'departure_datetime': '2025-12-28 21:00', 'arrival_datetime': '2025-12-28 23:10', 'airline_name': 'Vietnam Airlines', 'travel_class': 'Economy', 'num_stop': None, 'price': '2188000', 'is_nonstop': True}, {'timestamp': '2025-12-28 20:12:54', 'id_departure': 'HAN', 'id_arrival': 'SGN', 'departure_datetime': '2025-12-28 21:50', 'arrival_datetime': '2025-12-29 00:05', 'airline_name': 'Bamboo Airways', 'travel_class': 'Economy', 'num_stop': None, 'price': '2808000', 'is_nonstop': True}, {'timestamp': '2025-12-28 20:12:54', 'id_departure': 'HAN', 'id_arrival': 'SGN', 'departure_datetime': '2025-12-28 22:35', 'arrival_datetime': '2025-12-29 00:50', 'airline_name': 'Bamboo Airways', 'travel_class': 'Economy', 'num_stop': None, 'price': '2808000', 'is_nonstop': True}, {'timestamp': '2025-12-28 20:12:54', 'id_departure': 'HAN', 'id_arrival': 'SGN', 'departure_datetime': '2025-12-28 22:20', 'arrival_datetime': '2025-12-29 00:30', 'airline_name': 'Vietnam Airlines', 'travel_class': 'Economy', 'num_stop': None, 'price': '2836000', 'is_nonstop': True}, {'timestamp': '2025-12-28 20:12:54', 'id_departure': 'HAN', 'id_arrival': 'SGN', 'departure_datetime': '2025-12-28 22:50', 'arrival_datetime': '2025-12-29 01:05', 'airline_name': 'Vietnam Airlines', 'travel_class': 'Economy', 'num_stop': None, 'price': '2836000', 'is_nonstop': True}, {'timestamp': '2025-12-28 20:12:54', 'id_departure': 'HAN', 'id_arrival': 'SGN', 'departure_datetime': '2025-12-28 23:00', 'arrival_datetime': '2025-12-29 01:10', 'airline_name': 'Vietnam Airlines', 'travel_class': 'Economy', 'num_stop': None, 'price': '2836000', 'is_nonstop': True}, {'timestamp': '2025-12-28 20:12:54', 'id_departure': 'HAN', 'id_arrival': 'SGN', 'departure_datetime': '2025-12-28 22:00', 'arrival_datetime': '2025-12-29 00:10', 'airline_name': 'Vietnam Airlines', 'travel_class': 'Economy', 'num_stop': None, 'price': '3495000', 'is_nonstop': True}  ... displaying 10 of 478 total bound parameter sets ...  {'timestamp': '2025-12-28 20:28:16', 'id_departure': 'HAN', 'id_arrival': 'SGN', 'departure_datetime': '2026-01-02 19:45', 'arrival_datetime': '2026-01-03 01:20', 'airline_name': 'China Southern', 'travel_class': 'Business', 'num_stop': None, 'price': '15803000', 'is_nonstop': False}, {'timestamp': '2025-12-28 20:28:16', 'id_departure': 'HAN', 'id_arrival': 'SGN', 'departure_datetime': '2026-01-02 11:05', 'arrival_datetime': '2026-01-02 18:35', 'airline_name': 'Cathay Pacific', 'travel_class': 'Business', 'num_stop': None, 'price': '19193000', 'is_nonstop': False})]
(Background on this error at: https://sqlalche.me/e/14/f405) ---
[2025-12-28T20:28:47.709+0700] {taskinstance.py:441} INFO - ::group::Post task execution logs
[2025-12-28T20:28:47.713+0700] {taskinstance.py:2905} ERROR - Task failed with exception
Traceback (most recent call last):
  File "/home/airflow/.local/lib/python3.9/site-packages/sqlalchemy/engine/base.py", line 1890, in _execute_context
    self.dialect.do_executemany(
  File "/home/airflow/.local/lib/python3.9/site-packages/sqlalchemy/dialects/postgresql/psycopg2.py", line 982, in do_executemany
    context._psycopg2_fetched_rows = xtras.execute_values(
  File "/home/airflow/.local/lib/python3.9/site-packages/psycopg2/extras.py", line 1299, in execute_values
    cur.execute(b''.join(parts))
psycopg2.errors.UndefinedColumn: column "is_nonstop" of relation "flight_raw" does not exist
LINE 1: ...ime, airline_name, travel_class, num_stop, price, is_nonstop...
                                                             ^


The above exception was the direct cause of the following exception:

Traceback (most recent call last):
  File "/home/airflow/.local/lib/python3.9/site-packages/airflow/models/taskinstance.py", line 465, in _execute_task
    result = _execute_callable(context=context, **execute_callable_kwargs)
  File "/home/airflow/.local/lib/python3.9/site-packages/airflow/models/taskinstance.py", line 432, in _execute_callable
    return execute_callable(context=context, **execute_callable_kwargs)
  File "/home/airflow/.local/lib/python3.9/site-packages/airflow/models/baseoperator.py", line 400, in wrapper
    return func(self, *args, **kwargs)
  File "/home/airflow/.local/lib/python3.9/site-packages/airflow/operators/python.py", line 235, in execute
    return_value = self.execute_callable()
  File "/home/airflow/.local/lib/python3.9/site-packages/airflow/operators/python.py", line 252, in execute_callable
    return self.python_callable(*self.op_args, **self.op_kwargs)
  File "/opt/airflow/src/etl/pipeline.py", line 61, in extract_flight_data
    raise e
  File "/opt/airflow/src/etl/pipeline.py", line 43, in extract_flight_data
    db_client.load_data(df_result, table_name='flight_raw')
  File "/opt/airflow/src/database/db_client.py", line 23, in load_data
    raise e
  File "/opt/airflow/src/database/db_client.py", line 19, in load_data
    df.to_sql(table_name, conn, if_exists='append', index=False)
  File "/home/airflow/.local/lib/python3.9/site-packages/pandas/util/_decorators.py", line 333, in wrapper
    return func(*args, **kwargs)
  File "/home/airflow/.local/lib/python3.9/site-packages/pandas/core/generic.py", line 3008, in to_sql
    return sql.to_sql(
  File "/home/airflow/.local/lib/python3.9/site-packages/pandas/io/sql.py", line 788, in to_sql
    return pandas_sql.to_sql(
  File "/home/airflow/.local/lib/python3.9/site-packages/pandas/io/sql.py", line 1958, in to_sql
    total_inserted = sql_engine.insert_records(
  File "/home/airflow/.local/lib/python3.9/site-packages/pandas/io/sql.py", line 1507, in insert_records
    raise err
  File "/home/airflow/.local/lib/python3.9/site-packages/pandas/io/sql.py", line 1498, in insert_records
    return table.insert(chunksize=chunksize, method=method)
  File "/home/airflow/.local/lib/python3.9/site-packages/pandas/io/sql.py", line 1059, in insert
    num_inserted = exec_insert(conn, keys, chunk_iter)
  File "/home/airflow/.local/lib/python3.9/site-packages/pandas/io/sql.py", line 951, in _execute_insert
    result = conn.execute(self.table.insert(), data)
  File "/home/airflow/.local/lib/python3.9/site-packages/sqlalchemy/engine/base.py", line 1385, in execute
    return meth(self, multiparams, params, _EMPTY_EXECUTION_OPTS)
  File "/home/airflow/.local/lib/python3.9/site-packages/sqlalchemy/sql/elements.py", line 334, in _execute_on_connection
    return connection._execute_clauseelement(
  File "/home/airflow/.local/lib/python3.9/site-packages/sqlalchemy/engine/base.py", line 1577, in _execute_clauseelement
    ret = self._execute_context(
  File "/home/airflow/.local/lib/python3.9/site-packages/sqlalchemy/engine/base.py", line 1953, in _execute_context
    self._handle_dbapi_exception(
  File "/home/airflow/.local/lib/python3.9/site-packages/sqlalchemy/engine/base.py", line 2134, in _handle_dbapi_exception
    util.raise_(
  File "/home/airflow/.local/lib/python3.9/site-packages/sqlalchemy/util/compat.py", line 211, in raise_
    raise exception
  File "/home/airflow/.local/lib/python3.9/site-packages/sqlalchemy/engine/base.py", line 1890, in _execute_context
    self.dialect.do_executemany(
  File "/home/airflow/.local/lib/python3.9/site-packages/sqlalchemy/dialects/postgresql/psycopg2.py", line 982, in do_executemany
    context._psycopg2_fetched_rows = xtras.execute_values(
  File "/home/airflow/.local/lib/python3.9/site-packages/psycopg2/extras.py", line 1299, in execute_values
    cur.execute(b''.join(parts))
sqlalchemy.exc.ProgrammingError: (psycopg2.errors.UndefinedColumn) column "is_nonstop" of relation "flight_raw" does not exist
LINE 1: ...ime, airline_name, travel_class, num_stop, price, is_nonstop...
                                                             ^

[SQL: INSERT INTO flight_raw (timestamp, id_departure, id_arrival, departure_datetime, arrival_datetime, airline_name, travel_class, num_stop, price, is_nonstop) VALUES (%(timestamp)s, %(id_departure)s, %(id_arrival)s, %(departure_datetime)s, %(arrival_datetime)s, %(airline_name)s, %(travel_class)s, %(num_stop)s, %(price)s, %(is_nonstop)s)]
[parameters: ({'timestamp': '2025-12-28 20:12:54', 'id_departure': 'HAN', 'id_arrival': 'SGN', 'departure_datetime': '2025-12-28 23:50', 'arrival_datetime': '2025-12-29 02:10', 'airline_name': 'Vietravel Airlines', 'travel_class': 'Economy', 'num_stop': None, 'price': '1981240', 'is_nonstop': True}, {'timestamp': '2025-12-28 20:12:54', 'id_departure': 'HAN', 'id_arrival': 'SGN', 'departure_datetime': '2025-12-28 21:00', 'arrival_datetime': '2025-12-28 23:10', 'airline_name': 'Vietnam Airlines', 'travel_class': 'Economy', 'num_stop': None, 'price': '2188000', 'is_nonstop': True}, {'timestamp': '2025-12-28 20:12:54', 'id_departure': 'HAN', 'id_arrival': 'SGN', 'departure_datetime': '2025-12-28 21:50', 'arrival_datetime': '2025-12-29 00:05', 'airline_name': 'Bamboo Airways', 'travel_class': 'Economy', 'num_stop': None, 'price': '2808000', 'is_nonstop': True}, {'timestamp': '2025-12-28 20:12:54', 'id_departure': 'HAN', 'id_arrival': 'SGN', 'departure_datetime': '2025-12-28 22:35', 'arrival_datetime': '2025-12-29 00:50', 'airline_name': 'Bamboo Airways', 'travel_class': 'Economy', 'num_stop': None, 'price': '2808000', 'is_nonstop': True}, {'timestamp': '2025-12-28 20:12:54', 'id_departure': 'HAN', 'id_arrival': 'SGN', 'departure_datetime': '2025-12-28 22:20', 'arrival_datetime': '2025-12-29 00:30', 'airline_name': 'Vietnam Airlines', 'travel_class': 'Economy', 'num_stop': None, 'price': '2836000', 'is_nonstop': True}, {'timestamp': '2025-12-28 20:12:54', 'id_departure': 'HAN', 'id_arrival': 'SGN', 'departure_datetime': '2025-12-28 22:50', 'arrival_datetime': '2025-12-29 01:05', 'airline_name': 'Vietnam Airlines', 'travel_class': 'Economy', 'num_stop': None, 'price': '2836000', 'is_nonstop': True}, {'timestamp': '2025-12-28 20:12:54', 'id_departure': 'HAN', 'id_arrival': 'SGN', 'departure_datetime': '2025-12-28 23:00', 'arrival_datetime': '2025-12-29 01:10', 'airline_name': 'Vietnam Airlines', 'travel_class': 'Economy', 'num_stop': None, 'price': '2836000', 'is_nonstop': True}, {'timestamp': '2025-12-28 20:12:54', 'id_departure': 'HAN', 'id_arrival': 'SGN', 'departure_datetime': '2025-12-28 22:00', 'arrival_datetime': '2025-12-29 00:10', 'airline_name': 'Vietnam Airlines', 'travel_class': 'Economy', 'num_stop': None, 'price': '3495000', 'is_nonstop': True}  ... displaying 10 of 478 total bound parameter sets ...  {'timestamp': '2025-12-28 20:28:16', 'id_departure': 'HAN', 'id_arrival': 'SGN', 'departure_datetime': '2026-01-02 19:45', 'arrival_datetime': '2026-01-03 01:20', 'airline_name': 'China Southern', 'travel_class': 'Business', 'num_stop': None, 'price': '15803000', 'is_nonstop': False}, {'timestamp': '2025-12-28 20:28:16', 'id_departure': 'HAN', 'id_arrival': 'SGN', 'departure_datetime': '2026-01-02 11:05', 'arrival_datetime': '2026-01-02 18:35', 'airline_name': 'Cathay Pacific', 'travel_class': 'Business', 'num_stop': None, 'price': '19193000', 'is_nonstop': False})]
(Background on this error at: https://sqlalche.me/e/14/f405)
[2025-12-28T20:28:47.774+0700] {taskinstance.py:1206} INFO - Marking task as UP_FOR_RETRY. dag_id=flight_ingestion_v2, task_id=extract_task, run_id=manual__2025-12-28T13:11:50.452657+00:00, execution_date=20251228T131150, start_date=20251228T131153, end_date=20251228T132847
[2025-12-28T20:28:47.846+0700] {standard_task_runner.py:110} ERROR - Failed to execute job 4 for task extract_task ((psycopg2.errors.UndefinedColumn) column "is_nonstop" of relation "flight_raw" does not exist
LINE 1: ...ime, airline_name, travel_class, num_stop, price, is_nonstop...
                                                             ^

[SQL: INSERT INTO flight_raw (timestamp, id_departure, id_arrival, departure_datetime, arrival_datetime, airline_name, travel_class, num_stop, price, is_nonstop) VALUES (%(timestamp)s, %(id_departure)s, %(id_arrival)s, %(departure_datetime)s, %(arrival_datetime)s, %(airline_name)s, %(travel_class)s, %(num_stop)s, %(price)s, %(is_nonstop)s)]
[parameters: ({'timestamp': '2025-12-28 20:12:54', 'id_departure': 'HAN', 'id_arrival': 'SGN', 'departure_datetime': '2025-12-28 23:50', 'arrival_datetime': '2025-12-29 02:10', 'airline_name': 'Vietravel Airlines', 'travel_class': 'Economy', 'num_stop': None, 'price': '1981240', 'is_nonstop': True}, {'timestamp': '2025-12-28 20:12:54', 'id_departure': 'HAN', 'id_arrival': 'SGN', 'departure_datetime': '2025-12-28 21:00', 'arrival_datetime': '2025-12-28 23:10', 'airline_name': 'Vietnam Airlines', 'travel_class': 'Economy', 'num_stop': None, 'price': '2188000', 'is_nonstop': True}, {'timestamp': '2025-12-28 20:12:54', 'id_departure': 'HAN', 'id_arrival': 'SGN', 'departure_datetime': '2025-12-28 21:50', 'arrival_datetime': '2025-12-29 00:05', 'airline_name': 'Bamboo Airways', 'travel_class': 'Economy', 'num_stop': None, 'price': '2808000', 'is_nonstop': True}, {'timestamp': '2025-12-28 20:12:54', 'id_departure': 'HAN', 'id_arrival': 'SGN', 'departure_datetime': '2025-12-28 22:35', 'arrival_datetime': '2025-12-29 00:50', 'airline_name': 'Bamboo Airways', 'travel_class': 'Economy', 'num_stop': None, 'price': '2808000', 'is_nonstop': True}, {'timestamp': '2025-12-28 20:12:54', 'id_departure': 'HAN', 'id_arrival': 'SGN', 'departure_datetime': '2025-12-28 22:20', 'arrival_datetime': '2025-12-29 00:30', 'airline_name': 'Vietnam Airlines', 'travel_class': 'Economy', 'num_stop': None, 'price': '2836000', 'is_nonstop': True}, {'timestamp': '2025-12-28 20:12:54', 'id_departure': 'HAN', 'id_arrival': 'SGN', 'departure_datetime': '2025-12-28 22:50', 'arrival_datetime': '2025-12-29 01:05', 'airline_name': 'Vietnam Airlines', 'travel_class': 'Economy', 'num_stop': None, 'price': '2836000', 'is_nonstop': True}, {'timestamp': '2025-12-28 20:12:54', 'id_departure': 'HAN', 'id_arrival': 'SGN', 'departure_datetime': '2025-12-28 23:00', 'arrival_datetime': '2025-12-29 01:10', 'airline_name': 'Vietnam Airlines', 'travel_class': 'Economy', 'num_stop': None, 'price': '2836000', 'is_nonstop': True}, {'timestamp': '2025-12-28 20:12:54', 'id_departure': 'HAN', 'id_arrival': 'SGN', 'departure_datetime': '2025-12-28 22:00', 'arrival_datetime': '2025-12-29 00:10', 'airline_name': 'Vietnam Airlines', 'travel_class': 'Economy', 'num_stop': None, 'price': '3495000', 'is_nonstop': True}  ... displaying 10 of 478 total bound parameter sets ...  {'timestamp': '2025-12-28 20:28:16', 'id_departure': 'HAN', 'id_arrival': 'SGN', 'departure_datetime': '2026-01-02 19:45', 'arrival_datetime': '2026-01-03 01:20', 'airline_name': 'China Southern', 'travel_class': 'Business', 'num_stop': None, 'price': '15803000', 'is_nonstop': False}, {'timestamp': '2025-12-28 20:28:16', 'id_departure': 'HAN', 'id_arrival': 'SGN', 'departure_datetime': '2026-01-02 11:05', 'arrival_datetime': '2026-01-02 18:35', 'airline_name': 'Cathay Pacific', 'travel_class': 'Business', 'num_stop': None, 'price': '19193000', 'is_nonstop': False})]
(Background on this error at: https://sqlalche.me/e/14/f405); 334)
[2025-12-28T20:28:47.911+0700] {local_task_job_runner.py:240} INFO - Task exited with return code 1
[2025-12-28T20:28:47.947+0700] {local_task_job_runner.py:222} INFO - ::endgroup::
