[2025-12-28T20:33:51.319+0700] {local_task_job_runner.py:120} INFO - ::group::Pre task execution logs
[2025-12-28T20:33:51.425+0700] {taskinstance.py:2076} INFO - Dependencies all met for dep_context=non-requeueable deps ti=<TaskInstance: flight_ingestion_v2.extract_task manual__2025-12-28T13:11:50.452657+00:00 [queued]>
[2025-12-28T20:33:51.457+0700] {taskinstance.py:2076} INFO - Dependencies all met for dep_context=requeueable deps ti=<TaskInstance: flight_ingestion_v2.extract_task manual__2025-12-28T13:11:50.452657+00:00 [queued]>
[2025-12-28T20:33:51.459+0700] {taskinstance.py:2306} INFO - Starting attempt 2 of 2
[2025-12-28T20:33:51.522+0700] {taskinstance.py:2330} INFO - Executing <Task(PythonOperator): extract_task> on 2025-12-28 13:11:50.452657+00:00
[2025-12-28T20:33:51.538+0700] {standard_task_runner.py:63} INFO - Started process 571 to run task
[2025-12-28T20:33:51.552+0700] {standard_task_runner.py:90} INFO - Running: ['airflow', 'tasks', 'run', 'flight_ingestion_v2', 'extract_task', 'manual__2025-12-28T13:11:50.452657+00:00', '--job-id', '5', '--raw', '--subdir', 'DAGS_FOLDER/ingestion_dag.py', '--cfg-path', '/tmp/tmp0465syse']
[2025-12-28T20:33:51.559+0700] {standard_task_runner.py:91} INFO - Job 5: Subtask extract_task
[2025-12-28T20:33:51.618+0700] {logging_mixin.py:188} WARNING - /home/airflow/.local/lib/python3.9/site-packages/airflow/settings.py:195 DeprecationWarning: The sql_alchemy_conn option in [core] has been moved to the sql_alchemy_conn option in [database] - the old setting has been used, but please update your config.
[2025-12-28T20:33:51.748+0700] {task_command.py:426} INFO - Running <TaskInstance: flight_ingestion_v2.extract_task manual__2025-12-28T13:11:50.452657+00:00 [running]> on host 51700688ae22
[2025-12-28T20:33:52.106+0700] {taskinstance.py:2648} INFO - Exporting env vars: AIRFLOW_CTX_DAG_OWNER='airflow' AIRFLOW_CTX_DAG_ID='flight_ingestion_v2' AIRFLOW_CTX_TASK_ID='extract_task' AIRFLOW_CTX_EXECUTION_DATE='2025-12-28T13:11:50.452657+00:00' AIRFLOW_CTX_TRY_NUMBER='2' AIRFLOW_CTX_DAG_RUN_ID='manual__2025-12-28T13:11:50.452657+00:00'
[2025-12-28T20:33:52.110+0700] {taskinstance.py:430} INFO - ::endgroup::
[2025-12-28T20:33:52.171+0700] {logging_mixin.py:188} INFO - --- Bắt đầu Extract từ 2025-12-28 đến 2026-01-02 ---
[2025-12-28T20:33:52.209+0700] {logging_mixin.py:188} INFO - Processing: HAN -> SGN on 2025-12-28 (Economy)
[2025-12-28T20:34:19.624+0700] {logging_mixin.py:188} INFO - -> Đã cào được 9 chuyến bay: HAN -> SGN
[2025-12-28T20:34:19.830+0700] {logging_mixin.py:188} INFO - Processing: HAN -> SGN on 2025-12-28 (Business)
[2025-12-28T20:34:37.512+0700] {logging_mixin.py:188} INFO - -> Đã cào được 4 chuyến bay: HAN -> SGN
[2025-12-28T20:34:37.704+0700] {logging_mixin.py:188} INFO - Processing: HAN -> SGN on 2025-12-29 (Economy)
[2025-12-28T20:35:58.355+0700] {logging_mixin.py:188} INFO - -> Đã cào được 63 chuyến bay: HAN -> SGN
[2025-12-28T20:35:58.620+0700] {logging_mixin.py:188} INFO - Processing: HAN -> SGN on 2025-12-29 (Business)
[2025-12-28T20:36:42.371+0700] {logging_mixin.py:188} INFO - -> Đã cào được 26 chuyến bay: HAN -> SGN
[2025-12-28T20:36:42.626+0700] {logging_mixin.py:188} INFO - Processing: HAN -> SGN on 2025-12-30 (Economy)
[2025-12-28T20:38:06.013+0700] {logging_mixin.py:188} INFO - -> Đã cào được 68 chuyến bay: HAN -> SGN
[2025-12-28T20:38:06.181+0700] {logging_mixin.py:188} INFO - Processing: HAN -> SGN on 2025-12-30 (Business)
[2025-12-28T20:38:43.608+0700] {logging_mixin.py:188} INFO - -> Đã cào được 27 chuyến bay: HAN -> SGN
[2025-12-28T20:38:43.747+0700] {logging_mixin.py:188} INFO - Processing: HAN -> SGN on 2025-12-31 (Economy)
[2025-12-28T20:40:07.616+0700] {logging_mixin.py:188} INFO - -> Đã cào được 71 chuyến bay: HAN -> SGN
[2025-12-28T20:40:07.755+0700] {logging_mixin.py:188} INFO - Processing: HAN -> SGN on 2025-12-31 (Business)
[2025-12-28T20:40:46.782+0700] {logging_mixin.py:188} INFO - -> Đã cào được 27 chuyến bay: HAN -> SGN
[2025-12-28T20:40:46.910+0700] {logging_mixin.py:188} INFO - Processing: HAN -> SGN on 2026-01-01 (Economy)
[2025-12-28T20:42:10.605+0700] {logging_mixin.py:188} INFO - -> Đã cào được 63 chuyến bay: HAN -> SGN
[2025-12-28T20:42:10.759+0700] {logging_mixin.py:188} INFO - Processing: HAN -> SGN on 2026-01-01 (Business)
[2025-12-28T20:42:59.503+0700] {logging_mixin.py:188} INFO - -> Đã cào được 29 chuyến bay: HAN -> SGN
[2025-12-28T20:42:59.774+0700] {logging_mixin.py:188} INFO - Processing: HAN -> SGN on 2026-01-02 (Economy)
[2025-12-28T20:43:17.530+0700] {local_task_job_runner.py:124} ERROR - Received SIGTERM. Terminating subprocesses
[2025-12-28T20:43:17.602+0700] {process_utils.py:132} INFO - Sending 15 to group 571. PIDs of all processes in the group: [571]
[2025-12-28T20:43:17.650+0700] {process_utils.py:87} INFO - Sending the signal 15 to group 571
[2025-12-28T20:43:17.684+0700] {taskinstance.py:2611} ERROR - Received SIGTERM. Terminating subprocesses.
