[2025-12-28T20:48:51.202+0700] {local_task_job_runner.py:120} INFO - ::group::Pre task execution logs
[2025-12-28T20:48:51.264+0700] {taskinstance.py:2076} INFO - Dependencies all met for dep_context=non-requeueable deps ti=<TaskInstance: flight_ingestion_v2.extract_task manual__2025-12-28T13:11:50.452657+00:00 [queued]>
[2025-12-28T20:48:51.289+0700] {taskinstance.py:2076} INFO - Dependencies all met for dep_context=requeueable deps ti=<TaskInstance: flight_ingestion_v2.extract_task manual__2025-12-28T13:11:50.452657+00:00 [queued]>
[2025-12-28T20:48:51.291+0700] {taskinstance.py:2306} INFO - Starting attempt 3 of 2
[2025-12-28T20:48:51.318+0700] {taskinstance.py:2330} INFO - Executing <Task(PythonOperator): extract_task> on 2025-12-28 13:11:50.452657+00:00
[2025-12-28T20:48:51.328+0700] {standard_task_runner.py:63} INFO - Started process 170 to run task
[2025-12-28T20:48:51.336+0700] {standard_task_runner.py:90} INFO - Running: ['airflow', 'tasks', 'run', 'flight_ingestion_v2', 'extract_task', 'manual__2025-12-28T13:11:50.452657+00:00', '--job-id', '7', '--raw', '--subdir', 'DAGS_FOLDER/ingestion_dag.py', '--cfg-path', '/tmp/tmpq36g62mu']
[2025-12-28T20:48:51.341+0700] {standard_task_runner.py:91} INFO - Job 7: Subtask extract_task
[2025-12-28T20:48:51.379+0700] {logging_mixin.py:188} WARNING - /home/airflow/.local/lib/python3.9/site-packages/airflow/settings.py:195 DeprecationWarning: The sql_alchemy_conn option in [core] has been moved to the sql_alchemy_conn option in [database] - the old setting has been used, but please update your config.
[2025-12-28T20:48:51.463+0700] {task_command.py:426} INFO - Running <TaskInstance: flight_ingestion_v2.extract_task manual__2025-12-28T13:11:50.452657+00:00 [running]> on host 6d806d289546
[2025-12-28T20:48:51.730+0700] {taskinstance.py:2648} INFO - Exporting env vars: AIRFLOW_CTX_DAG_OWNER='airflow' AIRFLOW_CTX_DAG_ID='flight_ingestion_v2' AIRFLOW_CTX_TASK_ID='extract_task' AIRFLOW_CTX_EXECUTION_DATE='2025-12-28T13:11:50.452657+00:00' AIRFLOW_CTX_TRY_NUMBER='3' AIRFLOW_CTX_DAG_RUN_ID='manual__2025-12-28T13:11:50.452657+00:00'
[2025-12-28T20:48:51.734+0700] {taskinstance.py:430} INFO - ::endgroup::
[2025-12-28T20:48:51.809+0700] {logging_mixin.py:188} INFO - --- Bắt đầu Extract từ 2025-12-28 đến 2026-01-02 ---
[2025-12-28T20:48:51.823+0700] {logging_mixin.py:188} INFO - Processing: HAN -> SGN on 2025-12-28 (Economy)
[2025-12-28T20:49:05.679+0700] {logging_mixin.py:188} INFO - -> Đã cào được 9 chuyến bay: HAN -> SGN
[2025-12-28T20:49:05.766+0700] {logging_mixin.py:188} INFO - Processing: HAN -> SGN on 2025-12-28 (Business)
[2025-12-28T20:49:19.188+0700] {logging_mixin.py:188} INFO - -> Đã cào được 4 chuyến bay: HAN -> SGN
[2025-12-28T20:49:19.266+0700] {logging_mixin.py:188} INFO - Processing: HAN -> SGN on 2025-12-29 (Economy)
[2025-12-28T20:49:47.446+0700] {logging_mixin.py:188} INFO - -> Đã cào được 63 chuyến bay: HAN -> SGN
[2025-12-28T20:49:47.525+0700] {logging_mixin.py:188} INFO - Processing: HAN -> SGN on 2025-12-29 (Business)
[2025-12-28T20:49:52.196+0700] {logging_mixin.py:188} INFO - Lỗi trong quá trình cào trang web: Message: unknown error: net::ERR_NAME_NOT_RESOLVED
  (Session info: chrome=143.0.7499.169)
Stacktrace:
#0 0x55a9978d361a <unknown>
#1 0x55a99735020b <unknown>
#2 0x55a99734707d <unknown>
#3 0x55a9973385ac <unknown>
#4 0x55a99733a2bc <unknown>
#5 0x55a997338acd <unknown>
#6 0x55a9973382db <unknown>
#7 0x55a997337f8d <unknown>
#8 0x55a997335e47 <unknown>
#9 0x55a997336620 <unknown>
#10 0x55a99735394f <unknown>
#11 0x55a9973ede4b <unknown>
#12 0x55a9973ed20e <unknown>
#13 0x55a997394232 <unknown>
#14 0x55a997394ee1 <unknown>
#15 0x55a99789c3f9 <unknown>
#16 0x55a99789f34d <unknown>
#17 0x55a997885122 <unknown>
#18 0x55a99789ff2b <unknown>
#19 0x55a99786bc30 <unknown>
#20 0x55a9978c0d78 <unknown>
#21 0x55a9978c0f4c <unknown>
#22 0x55a9978d2973 <unknown>
#23 0x7f300b884aa4 <unknown>
#24 0x7f300b911a64 __clone
[2025-12-28T20:49:52.266+0700] {logging_mixin.py:188} INFO - Retry 1/5...
[2025-12-28T20:50:10.592+0700] {logging_mixin.py:188} INFO - -> Đã cào được 26 chuyến bay: HAN -> SGN
[2025-12-28T20:50:10.674+0700] {logging_mixin.py:188} INFO - Processing: HAN -> SGN on 2025-12-30 (Economy)
[2025-12-28T20:50:39.875+0700] {logging_mixin.py:188} INFO - -> Đã cào được 68 chuyến bay: HAN -> SGN
[2025-12-28T20:50:39.958+0700] {logging_mixin.py:188} INFO - Processing: HAN -> SGN on 2025-12-30 (Business)
[2025-12-28T20:50:57.196+0700] {logging_mixin.py:188} INFO - -> Đã cào được 27 chuyến bay: HAN -> SGN
[2025-12-28T20:50:57.285+0700] {logging_mixin.py:188} INFO - Processing: HAN -> SGN on 2025-12-31 (Economy)
[2025-12-28T20:51:25.868+0700] {logging_mixin.py:188} INFO - -> Đã cào được 71 chuyến bay: HAN -> SGN
[2025-12-28T20:51:25.967+0700] {logging_mixin.py:188} INFO - Processing: HAN -> SGN on 2025-12-31 (Business)
[2025-12-28T20:51:46.334+0700] {logging_mixin.py:188} INFO - -> Đã cào được 27 chuyến bay: HAN -> SGN
[2025-12-28T20:51:46.415+0700] {logging_mixin.py:188} INFO - Processing: HAN -> SGN on 2026-01-01 (Economy)
[2025-12-28T20:52:03.335+0700] {local_task_job_runner.py:310} WARNING - State of this instance has been externally set to None. Terminating instance.
[2025-12-28T20:52:03.336+0700] {local_task_job_runner.py:222} INFO - ::endgroup::
[2025-12-28T20:52:03.340+0700] {process_utils.py:132} INFO - Sending 15 to group 170. PIDs of all processes in the group: [170]
[2025-12-28T20:52:03.341+0700] {process_utils.py:87} INFO - Sending the signal 15 to group 170
[2025-12-28T20:52:03.342+0700] {taskinstance.py:2611} ERROR - Received SIGTERM. Terminating subprocesses.
[2025-12-28T20:52:03.425+0700] {taskinstance.py:441} INFO - ::group::Post task execution logs
[2025-12-28T20:52:03.435+0700] {taskinstance.py:2905} ERROR - Task failed with exception
Traceback (most recent call last):
  File "/home/airflow/.local/lib/python3.9/site-packages/airflow/models/taskinstance.py", line 465, in _execute_task
    result = _execute_callable(context=context, **execute_callable_kwargs)
  File "/home/airflow/.local/lib/python3.9/site-packages/airflow/models/taskinstance.py", line 432, in _execute_callable
    return execute_callable(context=context, **execute_callable_kwargs)
  File "/home/airflow/.local/lib/python3.9/site-packages/airflow/models/baseoperator.py", line 400, in wrapper
    return func(self, *args, **kwargs)
  File "/home/airflow/.local/lib/python3.9/site-packages/airflow/operators/python.py", line 235, in execute
    return_value = self.execute_callable()
  File "/home/airflow/.local/lib/python3.9/site-packages/airflow/operators/python.py", line 252, in execute_callable
    return self.python_callable(*self.op_args, **self.op_kwargs)
  File "/opt/airflow/src/etl/pipeline.py", line 30, in extract_flight_data
    df_result = GGFlightScraper(
  File "/opt/airflow/src/scraping/ggflight_scraper.py", line 372, in GGFlightScraper
    result_df = scrape(flight_df, dep, arr, dd, tc)
  File "/opt/airflow/src/scraping/ggflight_scraper.py", line 271, in scrape
    num_stop = entry.find_element(By.CLASS_NAME, 'rGRiKd').get_property('textContent')
  File "/home/airflow/.local/lib/python3.9/site-packages/selenium/webdriver/remote/webelement.py", line 601, in find_element
    return self._execute(Command.FIND_CHILD_ELEMENT, {"using": by, "value": value})["value"]
  File "/home/airflow/.local/lib/python3.9/site-packages/selenium/webdriver/remote/webelement.py", line 572, in _execute
    return self._parent.execute(command, params)
  File "/home/airflow/.local/lib/python3.9/site-packages/selenium/webdriver/remote/webdriver.py", line 455, in execute
    response = cast(RemoteConnection, self.command_executor).execute(driver_command, params)
  File "/home/airflow/.local/lib/python3.9/site-packages/selenium/webdriver/remote/remote_connection.py", line 405, in execute
    return self._request(command_info[0], url, body=data)
  File "/home/airflow/.local/lib/python3.9/site-packages/selenium/webdriver/remote/remote_connection.py", line 429, in _request
    response = self._conn.request(method, url, body=body, headers=headers, timeout=self._client_config.timeout)
  File "/home/airflow/.local/lib/python3.9/site-packages/urllib3/_request_methods.py", line 143, in request
    return self.request_encode_body(
  File "/home/airflow/.local/lib/python3.9/site-packages/urllib3/_request_methods.py", line 278, in request_encode_body
    return self.urlopen(method, url, **extra_kw)
  File "/home/airflow/.local/lib/python3.9/site-packages/urllib3/poolmanager.py", line 457, in urlopen
    response = conn.urlopen(method, u.request_uri, **kw)
  File "/home/airflow/.local/lib/python3.9/site-packages/urllib3/connectionpool.py", line 787, in urlopen
    response = self._make_request(
  File "/home/airflow/.local/lib/python3.9/site-packages/urllib3/connectionpool.py", line 534, in _make_request
    response = conn.getresponse()
  File "/home/airflow/.local/lib/python3.9/site-packages/urllib3/connection.py", line 571, in getresponse
    httplib_response = super().getresponse()
  File "/usr/local/lib/python3.9/http/client.py", line 1377, in getresponse
    response.begin()
  File "/usr/local/lib/python3.9/http/client.py", line 320, in begin
    version, status, reason = self._read_status()
  File "/usr/local/lib/python3.9/http/client.py", line 281, in _read_status
    line = str(self.fp.readline(_MAXLINE + 1), "iso-8859-1")
  File "/usr/local/lib/python3.9/socket.py", line 704, in readinto
    return self._sock.recv_into(b)
  File "/home/airflow/.local/lib/python3.9/site-packages/airflow/models/taskinstance.py", line 2613, in signal_handler
    raise AirflowTaskTerminated("Task received SIGTERM signal")
airflow.exceptions.AirflowTaskTerminated: Task received SIGTERM signal
[2025-12-28T20:52:03.450+0700] {taskinstance.py:1206} INFO - Marking task as FAILED. dag_id=flight_ingestion_v2, task_id=extract_task, run_id=manual__2025-12-28T13:11:50.452657+00:00, execution_date=20251228T131150, start_date=20251228T134851, end_date=20251228T135203
[2025-12-28T20:52:03.468+0700] {standard_task_runner.py:110} ERROR - Failed to execute job 7 for task extract_task ((psycopg2.errors.ForeignKeyViolation) insert or update on table "task_fail" violates foreign key constraint "task_fail_ti_fkey"
DETAIL:  Key (dag_id, task_id, run_id, map_index)=(flight_ingestion_v2, extract_task, manual__2025-12-28T13:11:50.452657+00:00, -1) is not present in table "task_instance".

[SQL: INSERT INTO task_fail (task_id, dag_id, run_id, map_index, start_date, end_date, duration) VALUES (%(task_id)s, %(dag_id)s, %(run_id)s, %(map_index)s, %(start_date)s, %(end_date)s, %(duration)s) RETURNING task_fail.id]
[parameters: {'task_id': 'extract_task', 'dag_id': 'flight_ingestion_v2', 'run_id': 'manual__2025-12-28T13:11:50.452657+00:00', 'map_index': -1, 'start_date': datetime.datetime(2025, 12, 28, 13, 48, 51, 265767, tzinfo=Timezone('UTC')), 'end_date': datetime.datetime(2025, 12, 28, 13, 52, 3, 449895, tzinfo=Timezone('UTC')), 'duration': 192}]
(Background on this error at: https://sqlalche.me/e/14/gkpj); 170)
[2025-12-28T20:52:03.479+0700] {process_utils.py:80} INFO - Process psutil.Process(pid=170, status='terminated', exitcode=1, started='20:48:50') (170) terminated with exit code 1
