[2025-11-26T15:44:45.105+0000] {processor.py:157} INFO - Started process (PID=163) to work on /opt/airflow/dags/ingestion_dag.py
[2025-11-26T15:44:45.106+0000] {processor.py:829} INFO - Processing file /opt/airflow/dags/ingestion_dag.py for tasks to queue
[2025-11-26T15:44:45.108+0000] {logging_mixin.py:151} INFO - [2025-11-26T15:44:45.107+0000] {dagbag.py:539} INFO - Filling up the DagBag from /opt/airflow/dags/ingestion_dag.py
[2025-11-26T15:44:48.699+0000] {processor.py:839} INFO - DAG(s) dict_keys(['flight_price_ingestion']) retrieved from /opt/airflow/dags/ingestion_dag.py
[2025-11-26T15:44:49.356+0000] {logging_mixin.py:151} INFO - [2025-11-26T15:44:49.356+0000] {manager.py:499} INFO - Created Permission View: %s
[2025-11-26T15:44:49.373+0000] {logging_mixin.py:151} INFO - [2025-11-26T15:44:49.372+0000] {manager.py:499} INFO - Created Permission View: %s
[2025-11-26T15:44:49.383+0000] {logging_mixin.py:151} INFO - [2025-11-26T15:44:49.383+0000] {manager.py:499} INFO - Created Permission View: %s
[2025-11-26T15:44:49.384+0000] {logging_mixin.py:151} INFO - [2025-11-26T15:44:49.384+0000] {security.py:708} INFO - Not syncing DAG-level permissions for DAG 'DAG:flight_price_ingestion' as access control is unset.
[2025-11-26T15:44:49.385+0000] {logging_mixin.py:151} INFO - [2025-11-26T15:44:49.385+0000] {dag.py:2915} INFO - Sync 1 DAGs
[2025-11-26T15:44:49.402+0000] {logging_mixin.py:151} INFO - [2025-11-26T15:44:49.402+0000] {dag.py:2937} INFO - Creating ORM DAG for flight_price_ingestion
[2025-11-26T15:44:49.421+0000] {logging_mixin.py:151} INFO - [2025-11-26T15:44:49.421+0000] {dag.py:3696} INFO - Setting next_dagrun for flight_price_ingestion to 2025-11-25T07:00:00+00:00, run_after=2025-11-26T07:00:00+00:00
[2025-11-26T15:44:49.448+0000] {processor.py:179} INFO - Processing /opt/airflow/dags/ingestion_dag.py took 4.349 seconds
[2025-11-26T15:45:19.664+0000] {processor.py:157} INFO - Started process (PID=170) to work on /opt/airflow/dags/ingestion_dag.py
[2025-11-26T15:45:19.667+0000] {processor.py:829} INFO - Processing file /opt/airflow/dags/ingestion_dag.py for tasks to queue
[2025-11-26T15:45:19.669+0000] {logging_mixin.py:151} INFO - [2025-11-26T15:45:19.668+0000] {dagbag.py:539} INFO - Filling up the DagBag from /opt/airflow/dags/ingestion_dag.py
[2025-11-26T15:45:20.352+0000] {processor.py:839} INFO - DAG(s) dict_keys(['flight_price_ingestion']) retrieved from /opt/airflow/dags/ingestion_dag.py
[2025-11-26T15:45:20.390+0000] {logging_mixin.py:151} INFO - [2025-11-26T15:45:20.389+0000] {dag.py:2915} INFO - Sync 1 DAGs
[2025-11-26T15:45:20.425+0000] {logging_mixin.py:151} INFO - [2025-11-26T15:45:20.425+0000] {dag.py:3696} INFO - Setting next_dagrun for flight_price_ingestion to 2025-11-25T07:00:00+00:00, run_after=2025-11-26T07:00:00+00:00
[2025-11-26T15:45:20.451+0000] {processor.py:179} INFO - Processing /opt/airflow/dags/ingestion_dag.py took 0.798 seconds
[2025-11-26T15:45:50.785+0000] {processor.py:157} INFO - Started process (PID=176) to work on /opt/airflow/dags/ingestion_dag.py
[2025-11-26T15:45:50.787+0000] {processor.py:829} INFO - Processing file /opt/airflow/dags/ingestion_dag.py for tasks to queue
[2025-11-26T15:45:50.791+0000] {logging_mixin.py:151} INFO - [2025-11-26T15:45:50.789+0000] {dagbag.py:539} INFO - Filling up the DagBag from /opt/airflow/dags/ingestion_dag.py
[2025-11-26T15:45:51.495+0000] {processor.py:839} INFO - DAG(s) dict_keys(['flight_price_ingestion']) retrieved from /opt/airflow/dags/ingestion_dag.py
[2025-11-26T15:45:51.530+0000] {logging_mixin.py:151} INFO - [2025-11-26T15:45:51.529+0000] {dag.py:2915} INFO - Sync 1 DAGs
[2025-11-26T15:45:51.566+0000] {logging_mixin.py:151} INFO - [2025-11-26T15:45:51.566+0000] {dag.py:3696} INFO - Setting next_dagrun for flight_price_ingestion to 2025-11-25T07:00:00+00:00, run_after=2025-11-26T07:00:00+00:00
[2025-11-26T15:45:51.603+0000] {processor.py:179} INFO - Processing /opt/airflow/dags/ingestion_dag.py took 0.828 seconds
[2025-11-26T15:46:21.875+0000] {processor.py:157} INFO - Started process (PID=182) to work on /opt/airflow/dags/ingestion_dag.py
[2025-11-26T15:46:21.883+0000] {processor.py:829} INFO - Processing file /opt/airflow/dags/ingestion_dag.py for tasks to queue
[2025-11-26T15:46:21.884+0000] {logging_mixin.py:151} INFO - [2025-11-26T15:46:21.884+0000] {dagbag.py:539} INFO - Filling up the DagBag from /opt/airflow/dags/ingestion_dag.py
[2025-11-26T15:46:22.576+0000] {processor.py:839} INFO - DAG(s) dict_keys(['flight_price_ingestion']) retrieved from /opt/airflow/dags/ingestion_dag.py
[2025-11-26T15:46:22.613+0000] {logging_mixin.py:151} INFO - [2025-11-26T15:46:22.612+0000] {dag.py:2915} INFO - Sync 1 DAGs
[2025-11-26T15:46:22.652+0000] {logging_mixin.py:151} INFO - [2025-11-26T15:46:22.651+0000] {dag.py:3696} INFO - Setting next_dagrun for flight_price_ingestion to 2025-11-25T07:00:00+00:00, run_after=2025-11-26T07:00:00+00:00
[2025-11-26T15:46:22.690+0000] {processor.py:179} INFO - Processing /opt/airflow/dags/ingestion_dag.py took 0.819 seconds
[2025-11-26T15:46:52.925+0000] {processor.py:157} INFO - Started process (PID=188) to work on /opt/airflow/dags/ingestion_dag.py
[2025-11-26T15:46:52.927+0000] {processor.py:829} INFO - Processing file /opt/airflow/dags/ingestion_dag.py for tasks to queue
[2025-11-26T15:46:52.930+0000] {logging_mixin.py:151} INFO - [2025-11-26T15:46:52.929+0000] {dagbag.py:539} INFO - Filling up the DagBag from /opt/airflow/dags/ingestion_dag.py
[2025-11-26T15:46:53.687+0000] {processor.py:839} INFO - DAG(s) dict_keys(['flight_price_ingestion']) retrieved from /opt/airflow/dags/ingestion_dag.py
[2025-11-26T15:46:53.723+0000] {logging_mixin.py:151} INFO - [2025-11-26T15:46:53.722+0000] {dag.py:2915} INFO - Sync 1 DAGs
[2025-11-26T15:46:53.761+0000] {logging_mixin.py:151} INFO - [2025-11-26T15:46:53.760+0000] {dag.py:3696} INFO - Setting next_dagrun for flight_price_ingestion to 2025-11-25T07:00:00+00:00, run_after=2025-11-26T07:00:00+00:00
[2025-11-26T15:46:53.797+0000] {processor.py:179} INFO - Processing /opt/airflow/dags/ingestion_dag.py took 0.883 seconds
[2025-11-26T15:47:24.118+0000] {processor.py:157} INFO - Started process (PID=194) to work on /opt/airflow/dags/ingestion_dag.py
[2025-11-26T15:47:24.127+0000] {processor.py:829} INFO - Processing file /opt/airflow/dags/ingestion_dag.py for tasks to queue
[2025-11-26T15:47:24.130+0000] {logging_mixin.py:151} INFO - [2025-11-26T15:47:24.129+0000] {dagbag.py:539} INFO - Filling up the DagBag from /opt/airflow/dags/ingestion_dag.py
[2025-11-26T15:47:24.842+0000] {processor.py:839} INFO - DAG(s) dict_keys(['flight_price_ingestion']) retrieved from /opt/airflow/dags/ingestion_dag.py
[2025-11-26T15:47:24.876+0000] {logging_mixin.py:151} INFO - [2025-11-26T15:47:24.875+0000] {dag.py:2915} INFO - Sync 1 DAGs
[2025-11-26T15:47:24.913+0000] {logging_mixin.py:151} INFO - [2025-11-26T15:47:24.913+0000] {dag.py:3696} INFO - Setting next_dagrun for flight_price_ingestion to 2025-11-25T07:00:00+00:00, run_after=2025-11-26T07:00:00+00:00
[2025-11-26T15:47:24.946+0000] {processor.py:179} INFO - Processing /opt/airflow/dags/ingestion_dag.py took 0.842 seconds
[2025-11-26T15:47:55.269+0000] {processor.py:157} INFO - Started process (PID=200) to work on /opt/airflow/dags/ingestion_dag.py
[2025-11-26T15:47:55.271+0000] {processor.py:829} INFO - Processing file /opt/airflow/dags/ingestion_dag.py for tasks to queue
[2025-11-26T15:47:55.274+0000] {logging_mixin.py:151} INFO - [2025-11-26T15:47:55.273+0000] {dagbag.py:539} INFO - Filling up the DagBag from /opt/airflow/dags/ingestion_dag.py
[2025-11-26T15:47:56.056+0000] {processor.py:839} INFO - DAG(s) dict_keys(['flight_price_ingestion']) retrieved from /opt/airflow/dags/ingestion_dag.py
[2025-11-26T15:47:56.104+0000] {logging_mixin.py:151} INFO - [2025-11-26T15:47:56.103+0000] {dag.py:2915} INFO - Sync 1 DAGs
[2025-11-26T15:47:56.149+0000] {logging_mixin.py:151} INFO - [2025-11-26T15:47:56.148+0000] {dag.py:3696} INFO - Setting next_dagrun for flight_price_ingestion to 2025-11-25T07:00:00+00:00, run_after=2025-11-26T07:00:00+00:00
[2025-11-26T15:47:56.181+0000] {processor.py:179} INFO - Processing /opt/airflow/dags/ingestion_dag.py took 0.925 seconds
[2025-11-26T15:48:26.519+0000] {processor.py:157} INFO - Started process (PID=206) to work on /opt/airflow/dags/ingestion_dag.py
[2025-11-26T15:48:26.529+0000] {processor.py:829} INFO - Processing file /opt/airflow/dags/ingestion_dag.py for tasks to queue
[2025-11-26T15:48:26.534+0000] {logging_mixin.py:151} INFO - [2025-11-26T15:48:26.532+0000] {dagbag.py:539} INFO - Filling up the DagBag from /opt/airflow/dags/ingestion_dag.py
[2025-11-26T15:48:27.304+0000] {processor.py:839} INFO - DAG(s) dict_keys(['flight_price_ingestion']) retrieved from /opt/airflow/dags/ingestion_dag.py
[2025-11-26T15:48:27.339+0000] {logging_mixin.py:151} INFO - [2025-11-26T15:48:27.339+0000] {dag.py:2915} INFO - Sync 1 DAGs
[2025-11-26T15:48:27.374+0000] {logging_mixin.py:151} INFO - [2025-11-26T15:48:27.374+0000] {dag.py:3696} INFO - Setting next_dagrun for flight_price_ingestion to 2025-11-25T07:00:00+00:00, run_after=2025-11-26T07:00:00+00:00
[2025-11-26T15:48:27.409+0000] {processor.py:179} INFO - Processing /opt/airflow/dags/ingestion_dag.py took 0.905 seconds
[2025-11-26T15:48:57.723+0000] {processor.py:157} INFO - Started process (PID=212) to work on /opt/airflow/dags/ingestion_dag.py
[2025-11-26T15:48:57.734+0000] {processor.py:829} INFO - Processing file /opt/airflow/dags/ingestion_dag.py for tasks to queue
[2025-11-26T15:48:57.737+0000] {logging_mixin.py:151} INFO - [2025-11-26T15:48:57.736+0000] {dagbag.py:539} INFO - Filling up the DagBag from /opt/airflow/dags/ingestion_dag.py
[2025-11-26T15:48:58.435+0000] {processor.py:839} INFO - DAG(s) dict_keys(['flight_price_ingestion']) retrieved from /opt/airflow/dags/ingestion_dag.py
[2025-11-26T15:48:58.470+0000] {logging_mixin.py:151} INFO - [2025-11-26T15:48:58.469+0000] {dag.py:2915} INFO - Sync 1 DAGs
[2025-11-26T15:48:58.507+0000] {logging_mixin.py:151} INFO - [2025-11-26T15:48:58.507+0000] {dag.py:3696} INFO - Setting next_dagrun for flight_price_ingestion to 2025-11-25T07:00:00+00:00, run_after=2025-11-26T07:00:00+00:00
[2025-11-26T15:48:58.543+0000] {processor.py:179} INFO - Processing /opt/airflow/dags/ingestion_dag.py took 0.830 seconds
[2025-11-26T15:49:28.786+0000] {processor.py:157} INFO - Started process (PID=218) to work on /opt/airflow/dags/ingestion_dag.py
[2025-11-26T15:49:28.789+0000] {processor.py:829} INFO - Processing file /opt/airflow/dags/ingestion_dag.py for tasks to queue
[2025-11-26T15:49:28.791+0000] {logging_mixin.py:151} INFO - [2025-11-26T15:49:28.791+0000] {dagbag.py:539} INFO - Filling up the DagBag from /opt/airflow/dags/ingestion_dag.py
[2025-11-26T15:49:29.522+0000] {processor.py:839} INFO - DAG(s) dict_keys(['flight_price_ingestion']) retrieved from /opt/airflow/dags/ingestion_dag.py
[2025-11-26T15:49:29.558+0000] {logging_mixin.py:151} INFO - [2025-11-26T15:49:29.557+0000] {dag.py:2915} INFO - Sync 1 DAGs
[2025-11-26T15:49:29.595+0000] {logging_mixin.py:151} INFO - [2025-11-26T15:49:29.594+0000] {dag.py:3696} INFO - Setting next_dagrun for flight_price_ingestion to 2025-11-25T07:00:00+00:00, run_after=2025-11-26T07:00:00+00:00
[2025-11-26T15:49:29.631+0000] {processor.py:179} INFO - Processing /opt/airflow/dags/ingestion_dag.py took 0.856 seconds
[2025-11-26T15:49:59.760+0000] {processor.py:157} INFO - Started process (PID=224) to work on /opt/airflow/dags/ingestion_dag.py
[2025-11-26T15:49:59.768+0000] {processor.py:829} INFO - Processing file /opt/airflow/dags/ingestion_dag.py for tasks to queue
[2025-11-26T15:49:59.769+0000] {logging_mixin.py:151} INFO - [2025-11-26T15:49:59.769+0000] {dagbag.py:539} INFO - Filling up the DagBag from /opt/airflow/dags/ingestion_dag.py
[2025-11-26T15:50:00.458+0000] {processor.py:839} INFO - DAG(s) dict_keys(['flight_price_ingestion']) retrieved from /opt/airflow/dags/ingestion_dag.py
[2025-11-26T15:50:00.495+0000] {logging_mixin.py:151} INFO - [2025-11-26T15:50:00.494+0000] {dag.py:2915} INFO - Sync 1 DAGs
[2025-11-26T15:50:00.534+0000] {logging_mixin.py:151} INFO - [2025-11-26T15:50:00.533+0000] {dag.py:3696} INFO - Setting next_dagrun for flight_price_ingestion to 2025-11-25T07:00:00+00:00, run_after=2025-11-26T07:00:00+00:00
[2025-11-26T15:50:00.569+0000] {processor.py:179} INFO - Processing /opt/airflow/dags/ingestion_dag.py took 0.814 seconds
[2025-11-26T15:50:30.785+0000] {processor.py:157} INFO - Started process (PID=230) to work on /opt/airflow/dags/ingestion_dag.py
[2025-11-26T15:50:30.787+0000] {processor.py:829} INFO - Processing file /opt/airflow/dags/ingestion_dag.py for tasks to queue
[2025-11-26T15:50:30.790+0000] {logging_mixin.py:151} INFO - [2025-11-26T15:50:30.789+0000] {dagbag.py:539} INFO - Filling up the DagBag from /opt/airflow/dags/ingestion_dag.py
[2025-11-26T15:50:31.516+0000] {processor.py:839} INFO - DAG(s) dict_keys(['flight_price_ingestion']) retrieved from /opt/airflow/dags/ingestion_dag.py
[2025-11-26T15:50:31.552+0000] {logging_mixin.py:151} INFO - [2025-11-26T15:50:31.551+0000] {dag.py:2915} INFO - Sync 1 DAGs
[2025-11-26T15:50:31.586+0000] {logging_mixin.py:151} INFO - [2025-11-26T15:50:31.586+0000] {dag.py:3696} INFO - Setting next_dagrun for flight_price_ingestion to 2025-11-25T07:00:00+00:00, run_after=2025-11-26T07:00:00+00:00
[2025-11-26T15:50:31.620+0000] {processor.py:179} INFO - Processing /opt/airflow/dags/ingestion_dag.py took 0.848 seconds
[2025-11-26T15:51:01.943+0000] {processor.py:157} INFO - Started process (PID=236) to work on /opt/airflow/dags/ingestion_dag.py
[2025-11-26T15:51:01.953+0000] {processor.py:829} INFO - Processing file /opt/airflow/dags/ingestion_dag.py for tasks to queue
[2025-11-26T15:51:01.955+0000] {logging_mixin.py:151} INFO - [2025-11-26T15:51:01.954+0000] {dagbag.py:539} INFO - Filling up the DagBag from /opt/airflow/dags/ingestion_dag.py
[2025-11-26T15:51:02.672+0000] {processor.py:839} INFO - DAG(s) dict_keys(['flight_price_ingestion']) retrieved from /opt/airflow/dags/ingestion_dag.py
[2025-11-26T15:51:02.707+0000] {logging_mixin.py:151} INFO - [2025-11-26T15:51:02.706+0000] {dag.py:2915} INFO - Sync 1 DAGs
[2025-11-26T15:51:02.741+0000] {logging_mixin.py:151} INFO - [2025-11-26T15:51:02.741+0000] {dag.py:3696} INFO - Setting next_dagrun for flight_price_ingestion to 2025-11-25T07:00:00+00:00, run_after=2025-11-26T07:00:00+00:00
[2025-11-26T15:51:02.775+0000] {processor.py:179} INFO - Processing /opt/airflow/dags/ingestion_dag.py took 0.843 seconds
[2025-11-26T15:51:33.094+0000] {processor.py:157} INFO - Started process (PID=242) to work on /opt/airflow/dags/ingestion_dag.py
[2025-11-26T15:51:33.097+0000] {processor.py:829} INFO - Processing file /opt/airflow/dags/ingestion_dag.py for tasks to queue
[2025-11-26T15:51:33.101+0000] {logging_mixin.py:151} INFO - [2025-11-26T15:51:33.100+0000] {dagbag.py:539} INFO - Filling up the DagBag from /opt/airflow/dags/ingestion_dag.py
[2025-11-26T15:51:33.805+0000] {processor.py:839} INFO - DAG(s) dict_keys(['flight_price_ingestion']) retrieved from /opt/airflow/dags/ingestion_dag.py
[2025-11-26T15:51:33.840+0000] {logging_mixin.py:151} INFO - [2025-11-26T15:51:33.839+0000] {dag.py:2915} INFO - Sync 1 DAGs
[2025-11-26T15:51:33.876+0000] {logging_mixin.py:151} INFO - [2025-11-26T15:51:33.876+0000] {dag.py:3696} INFO - Setting next_dagrun for flight_price_ingestion to 2025-11-25T07:00:00+00:00, run_after=2025-11-26T07:00:00+00:00
[2025-11-26T15:51:33.910+0000] {processor.py:179} INFO - Processing /opt/airflow/dags/ingestion_dag.py took 0.827 seconds
[2025-11-26T15:52:04.225+0000] {processor.py:157} INFO - Started process (PID=248) to work on /opt/airflow/dags/ingestion_dag.py
[2025-11-26T15:52:04.229+0000] {processor.py:829} INFO - Processing file /opt/airflow/dags/ingestion_dag.py for tasks to queue
[2025-11-26T15:52:04.232+0000] {logging_mixin.py:151} INFO - [2025-11-26T15:52:04.231+0000] {dagbag.py:539} INFO - Filling up the DagBag from /opt/airflow/dags/ingestion_dag.py
[2025-11-26T15:52:05.035+0000] {processor.py:839} INFO - DAG(s) dict_keys(['flight_price_ingestion']) retrieved from /opt/airflow/dags/ingestion_dag.py
[2025-11-26T15:52:05.077+0000] {logging_mixin.py:151} INFO - [2025-11-26T15:52:05.076+0000] {dag.py:2915} INFO - Sync 1 DAGs
[2025-11-26T15:52:05.115+0000] {logging_mixin.py:151} INFO - [2025-11-26T15:52:05.115+0000] {dag.py:3696} INFO - Setting next_dagrun for flight_price_ingestion to 2025-11-25T07:00:00+00:00, run_after=2025-11-26T07:00:00+00:00
[2025-11-26T15:52:05.152+0000] {processor.py:179} INFO - Processing /opt/airflow/dags/ingestion_dag.py took 0.939 seconds
[2025-11-26T15:52:35.467+0000] {processor.py:157} INFO - Started process (PID=254) to work on /opt/airflow/dags/ingestion_dag.py
[2025-11-26T15:52:35.469+0000] {processor.py:829} INFO - Processing file /opt/airflow/dags/ingestion_dag.py for tasks to queue
[2025-11-26T15:52:35.472+0000] {logging_mixin.py:151} INFO - [2025-11-26T15:52:35.471+0000] {dagbag.py:539} INFO - Filling up the DagBag from /opt/airflow/dags/ingestion_dag.py
[2025-11-26T15:52:36.166+0000] {processor.py:839} INFO - DAG(s) dict_keys(['flight_price_ingestion']) retrieved from /opt/airflow/dags/ingestion_dag.py
[2025-11-26T15:52:36.201+0000] {logging_mixin.py:151} INFO - [2025-11-26T15:52:36.200+0000] {dag.py:2915} INFO - Sync 1 DAGs
[2025-11-26T15:52:36.238+0000] {logging_mixin.py:151} INFO - [2025-11-26T15:52:36.238+0000] {dag.py:3696} INFO - Setting next_dagrun for flight_price_ingestion to 2025-11-25T07:00:00+00:00, run_after=2025-11-26T07:00:00+00:00
[2025-11-26T15:52:36.272+0000] {processor.py:179} INFO - Processing /opt/airflow/dags/ingestion_dag.py took 0.815 seconds
[2025-11-26T15:53:06.346+0000] {processor.py:157} INFO - Started process (PID=260) to work on /opt/airflow/dags/ingestion_dag.py
[2025-11-26T15:53:06.348+0000] {processor.py:829} INFO - Processing file /opt/airflow/dags/ingestion_dag.py for tasks to queue
[2025-11-26T15:53:06.350+0000] {logging_mixin.py:151} INFO - [2025-11-26T15:53:06.349+0000] {dagbag.py:539} INFO - Filling up the DagBag from /opt/airflow/dags/ingestion_dag.py
[2025-11-26T15:53:07.127+0000] {processor.py:839} INFO - DAG(s) dict_keys(['flight_price_ingestion']) retrieved from /opt/airflow/dags/ingestion_dag.py
[2025-11-26T15:53:07.161+0000] {logging_mixin.py:151} INFO - [2025-11-26T15:53:07.160+0000] {dag.py:2915} INFO - Sync 1 DAGs
[2025-11-26T15:53:07.203+0000] {logging_mixin.py:151} INFO - [2025-11-26T15:53:07.202+0000] {dag.py:3696} INFO - Setting next_dagrun for flight_price_ingestion to 2025-11-25T07:00:00+00:00, run_after=2025-11-26T07:00:00+00:00
[2025-11-26T15:53:07.241+0000] {processor.py:179} INFO - Processing /opt/airflow/dags/ingestion_dag.py took 0.899 seconds
[2025-11-26T15:53:37.551+0000] {processor.py:157} INFO - Started process (PID=266) to work on /opt/airflow/dags/ingestion_dag.py
[2025-11-26T15:53:37.553+0000] {processor.py:829} INFO - Processing file /opt/airflow/dags/ingestion_dag.py for tasks to queue
[2025-11-26T15:53:37.556+0000] {logging_mixin.py:151} INFO - [2025-11-26T15:53:37.555+0000] {dagbag.py:539} INFO - Filling up the DagBag from /opt/airflow/dags/ingestion_dag.py
[2025-11-26T15:53:38.269+0000] {processor.py:839} INFO - DAG(s) dict_keys(['flight_price_ingestion']) retrieved from /opt/airflow/dags/ingestion_dag.py
[2025-11-26T15:53:38.305+0000] {logging_mixin.py:151} INFO - [2025-11-26T15:53:38.303+0000] {dag.py:2915} INFO - Sync 1 DAGs
[2025-11-26T15:53:38.341+0000] {logging_mixin.py:151} INFO - [2025-11-26T15:53:38.341+0000] {dag.py:3696} INFO - Setting next_dagrun for flight_price_ingestion to 2025-11-25T07:00:00+00:00, run_after=2025-11-26T07:00:00+00:00
[2025-11-26T15:53:38.368+0000] {processor.py:179} INFO - Processing /opt/airflow/dags/ingestion_dag.py took 0.832 seconds
[2025-11-26T15:54:08.699+0000] {processor.py:157} INFO - Started process (PID=272) to work on /opt/airflow/dags/ingestion_dag.py
[2025-11-26T15:54:08.709+0000] {processor.py:829} INFO - Processing file /opt/airflow/dags/ingestion_dag.py for tasks to queue
[2025-11-26T15:54:08.712+0000] {logging_mixin.py:151} INFO - [2025-11-26T15:54:08.711+0000] {dagbag.py:539} INFO - Filling up the DagBag from /opt/airflow/dags/ingestion_dag.py
[2025-11-26T15:54:09.445+0000] {processor.py:839} INFO - DAG(s) dict_keys(['flight_price_ingestion']) retrieved from /opt/airflow/dags/ingestion_dag.py
[2025-11-26T15:54:09.501+0000] {logging_mixin.py:151} INFO - [2025-11-26T15:54:09.500+0000] {dag.py:2915} INFO - Sync 1 DAGs
[2025-11-26T15:54:09.541+0000] {logging_mixin.py:151} INFO - [2025-11-26T15:54:09.540+0000] {dag.py:3696} INFO - Setting next_dagrun for flight_price_ingestion to 2025-11-25T07:00:00+00:00, run_after=2025-11-26T07:00:00+00:00
[2025-11-26T15:54:09.571+0000] {processor.py:179} INFO - Processing /opt/airflow/dags/ingestion_dag.py took 0.883 seconds
[2025-11-26T15:54:39.890+0000] {processor.py:157} INFO - Started process (PID=278) to work on /opt/airflow/dags/ingestion_dag.py
[2025-11-26T15:54:39.893+0000] {processor.py:829} INFO - Processing file /opt/airflow/dags/ingestion_dag.py for tasks to queue
[2025-11-26T15:54:39.895+0000] {logging_mixin.py:151} INFO - [2025-11-26T15:54:39.894+0000] {dagbag.py:539} INFO - Filling up the DagBag from /opt/airflow/dags/ingestion_dag.py
[2025-11-26T15:54:40.592+0000] {processor.py:839} INFO - DAG(s) dict_keys(['flight_price_ingestion']) retrieved from /opt/airflow/dags/ingestion_dag.py
[2025-11-26T15:54:40.627+0000] {logging_mixin.py:151} INFO - [2025-11-26T15:54:40.626+0000] {dag.py:2915} INFO - Sync 1 DAGs
[2025-11-26T15:54:40.662+0000] {logging_mixin.py:151} INFO - [2025-11-26T15:54:40.662+0000] {dag.py:3696} INFO - Setting next_dagrun for flight_price_ingestion to 2025-11-25T07:00:00+00:00, run_after=2025-11-26T07:00:00+00:00
[2025-11-26T15:54:40.691+0000] {processor.py:179} INFO - Processing /opt/airflow/dags/ingestion_dag.py took 0.813 seconds
[2025-11-26T15:55:11.024+0000] {processor.py:157} INFO - Started process (PID=284) to work on /opt/airflow/dags/ingestion_dag.py
[2025-11-26T15:55:11.032+0000] {processor.py:829} INFO - Processing file /opt/airflow/dags/ingestion_dag.py for tasks to queue
[2025-11-26T15:55:11.033+0000] {logging_mixin.py:151} INFO - [2025-11-26T15:55:11.033+0000] {dagbag.py:539} INFO - Filling up the DagBag from /opt/airflow/dags/ingestion_dag.py
[2025-11-26T15:55:11.409+0000] {processor.py:839} INFO - DAG(s) dict_keys(['flight_price_ingestion']) retrieved from /opt/airflow/dags/ingestion_dag.py
[2025-11-26T15:55:11.431+0000] {logging_mixin.py:151} INFO - [2025-11-26T15:55:11.430+0000] {dag.py:2915} INFO - Sync 1 DAGs
[2025-11-26T15:55:11.451+0000] {logging_mixin.py:151} INFO - [2025-11-26T15:55:11.451+0000] {dag.py:3696} INFO - Setting next_dagrun for flight_price_ingestion to 2025-11-25T07:00:00+00:00, run_after=2025-11-26T07:00:00+00:00
[2025-11-26T15:55:11.476+0000] {processor.py:179} INFO - Processing /opt/airflow/dags/ingestion_dag.py took 0.457 seconds
[2025-11-26T15:55:41.716+0000] {processor.py:157} INFO - Started process (PID=290) to work on /opt/airflow/dags/ingestion_dag.py
[2025-11-26T15:55:41.724+0000] {processor.py:829} INFO - Processing file /opt/airflow/dags/ingestion_dag.py for tasks to queue
[2025-11-26T15:55:41.725+0000] {logging_mixin.py:151} INFO - [2025-11-26T15:55:41.725+0000] {dagbag.py:539} INFO - Filling up the DagBag from /opt/airflow/dags/ingestion_dag.py
[2025-11-26T15:55:42.119+0000] {processor.py:839} INFO - DAG(s) dict_keys(['flight_price_ingestion']) retrieved from /opt/airflow/dags/ingestion_dag.py
[2025-11-26T15:55:42.139+0000] {logging_mixin.py:151} INFO - [2025-11-26T15:55:42.139+0000] {dag.py:2915} INFO - Sync 1 DAGs
[2025-11-26T15:55:42.160+0000] {logging_mixin.py:151} INFO - [2025-11-26T15:55:42.159+0000] {dag.py:3696} INFO - Setting next_dagrun for flight_price_ingestion to 2025-11-25T07:00:00+00:00, run_after=2025-11-26T07:00:00+00:00
[2025-11-26T15:55:42.184+0000] {processor.py:179} INFO - Processing /opt/airflow/dags/ingestion_dag.py took 0.472 seconds
[2025-11-26T15:56:12.451+0000] {processor.py:157} INFO - Started process (PID=296) to work on /opt/airflow/dags/ingestion_dag.py
[2025-11-26T15:56:12.454+0000] {processor.py:829} INFO - Processing file /opt/airflow/dags/ingestion_dag.py for tasks to queue
[2025-11-26T15:56:12.458+0000] {logging_mixin.py:151} INFO - [2025-11-26T15:56:12.456+0000] {dagbag.py:539} INFO - Filling up the DagBag from /opt/airflow/dags/ingestion_dag.py
[2025-11-26T15:56:12.881+0000] {processor.py:839} INFO - DAG(s) dict_keys(['flight_price_ingestion']) retrieved from /opt/airflow/dags/ingestion_dag.py
[2025-11-26T15:56:12.901+0000] {logging_mixin.py:151} INFO - [2025-11-26T15:56:12.900+0000] {dag.py:2915} INFO - Sync 1 DAGs
[2025-11-26T15:56:12.922+0000] {logging_mixin.py:151} INFO - [2025-11-26T15:56:12.922+0000] {dag.py:3696} INFO - Setting next_dagrun for flight_price_ingestion to 2025-11-25T07:00:00+00:00, run_after=2025-11-26T07:00:00+00:00
[2025-11-26T15:56:12.955+0000] {processor.py:179} INFO - Processing /opt/airflow/dags/ingestion_dag.py took 0.515 seconds
[2025-11-26T15:56:43.192+0000] {processor.py:157} INFO - Started process (PID=302) to work on /opt/airflow/dags/ingestion_dag.py
[2025-11-26T15:56:43.200+0000] {processor.py:829} INFO - Processing file /opt/airflow/dags/ingestion_dag.py for tasks to queue
[2025-11-26T15:56:43.201+0000] {logging_mixin.py:151} INFO - [2025-11-26T15:56:43.201+0000] {dagbag.py:539} INFO - Filling up the DagBag from /opt/airflow/dags/ingestion_dag.py
[2025-11-26T15:56:43.593+0000] {processor.py:839} INFO - DAG(s) dict_keys(['flight_price_ingestion']) retrieved from /opt/airflow/dags/ingestion_dag.py
[2025-11-26T15:56:43.615+0000] {logging_mixin.py:151} INFO - [2025-11-26T15:56:43.614+0000] {dag.py:2915} INFO - Sync 1 DAGs
[2025-11-26T15:56:43.635+0000] {logging_mixin.py:151} INFO - [2025-11-26T15:56:43.635+0000] {dag.py:3696} INFO - Setting next_dagrun for flight_price_ingestion to 2025-11-25T07:00:00+00:00, run_after=2025-11-26T07:00:00+00:00
[2025-11-26T15:56:43.652+0000] {processor.py:179} INFO - Processing /opt/airflow/dags/ingestion_dag.py took 0.464 seconds
[2025-11-26T15:57:13.838+0000] {processor.py:157} INFO - Started process (PID=314) to work on /opt/airflow/dags/ingestion_dag.py
[2025-11-26T15:57:13.840+0000] {processor.py:829} INFO - Processing file /opt/airflow/dags/ingestion_dag.py for tasks to queue
[2025-11-26T15:57:13.842+0000] {logging_mixin.py:151} INFO - [2025-11-26T15:57:13.841+0000] {dagbag.py:539} INFO - Filling up the DagBag from /opt/airflow/dags/ingestion_dag.py
[2025-11-26T15:57:14.263+0000] {processor.py:839} INFO - DAG(s) dict_keys(['flight_price_ingestion']) retrieved from /opt/airflow/dags/ingestion_dag.py
[2025-11-26T15:57:14.286+0000] {logging_mixin.py:151} INFO - [2025-11-26T15:57:14.286+0000] {dag.py:2915} INFO - Sync 1 DAGs
[2025-11-26T15:57:14.309+0000] {logging_mixin.py:151} INFO - [2025-11-26T15:57:14.308+0000] {dag.py:3696} INFO - Setting next_dagrun for flight_price_ingestion to 2025-11-26T07:00:00+00:00, run_after=2025-11-27T07:00:00+00:00
[2025-11-26T15:57:14.331+0000] {processor.py:179} INFO - Processing /opt/airflow/dags/ingestion_dag.py took 0.501 seconds
[2025-11-26T15:57:44.457+0000] {processor.py:157} INFO - Started process (PID=320) to work on /opt/airflow/dags/ingestion_dag.py
[2025-11-26T15:57:44.458+0000] {processor.py:829} INFO - Processing file /opt/airflow/dags/ingestion_dag.py for tasks to queue
[2025-11-26T15:57:44.459+0000] {logging_mixin.py:151} INFO - [2025-11-26T15:57:44.459+0000] {dagbag.py:539} INFO - Filling up the DagBag from /opt/airflow/dags/ingestion_dag.py
[2025-11-26T15:57:44.885+0000] {processor.py:839} INFO - DAG(s) dict_keys(['flight_price_ingestion']) retrieved from /opt/airflow/dags/ingestion_dag.py
[2025-11-26T15:57:44.908+0000] {logging_mixin.py:151} INFO - [2025-11-26T15:57:44.908+0000] {dag.py:2915} INFO - Sync 1 DAGs
[2025-11-26T15:57:44.933+0000] {logging_mixin.py:151} INFO - [2025-11-26T15:57:44.932+0000] {dag.py:3696} INFO - Setting next_dagrun for flight_price_ingestion to 2025-11-26T07:00:00+00:00, run_after=2025-11-27T07:00:00+00:00
[2025-11-26T15:57:44.958+0000] {processor.py:179} INFO - Processing /opt/airflow/dags/ingestion_dag.py took 0.505 seconds
[2025-11-26T15:58:15.088+0000] {processor.py:157} INFO - Started process (PID=326) to work on /opt/airflow/dags/ingestion_dag.py
[2025-11-26T15:58:15.088+0000] {processor.py:829} INFO - Processing file /opt/airflow/dags/ingestion_dag.py for tasks to queue
[2025-11-26T15:58:15.089+0000] {logging_mixin.py:151} INFO - [2025-11-26T15:58:15.089+0000] {dagbag.py:539} INFO - Filling up the DagBag from /opt/airflow/dags/ingestion_dag.py
[2025-11-26T15:58:15.491+0000] {processor.py:839} INFO - DAG(s) dict_keys(['flight_price_ingestion']) retrieved from /opt/airflow/dags/ingestion_dag.py
[2025-11-26T15:58:15.516+0000] {logging_mixin.py:151} INFO - [2025-11-26T15:58:15.515+0000] {dag.py:2915} INFO - Sync 1 DAGs
[2025-11-26T15:58:15.542+0000] {logging_mixin.py:151} INFO - [2025-11-26T15:58:15.542+0000] {dag.py:3696} INFO - Setting next_dagrun for flight_price_ingestion to 2025-11-26T07:00:00+00:00, run_after=2025-11-27T07:00:00+00:00
[2025-11-26T15:58:15.561+0000] {processor.py:179} INFO - Processing /opt/airflow/dags/ingestion_dag.py took 0.476 seconds
[2025-11-26T15:58:45.722+0000] {processor.py:157} INFO - Started process (PID=332) to work on /opt/airflow/dags/ingestion_dag.py
[2025-11-26T15:58:45.723+0000] {processor.py:829} INFO - Processing file /opt/airflow/dags/ingestion_dag.py for tasks to queue
[2025-11-26T15:58:45.724+0000] {logging_mixin.py:151} INFO - [2025-11-26T15:58:45.724+0000] {dagbag.py:539} INFO - Filling up the DagBag from /opt/airflow/dags/ingestion_dag.py
[2025-11-26T15:58:46.103+0000] {processor.py:839} INFO - DAG(s) dict_keys(['flight_price_ingestion']) retrieved from /opt/airflow/dags/ingestion_dag.py
[2025-11-26T15:58:46.124+0000] {logging_mixin.py:151} INFO - [2025-11-26T15:58:46.123+0000] {dag.py:2915} INFO - Sync 1 DAGs
[2025-11-26T15:58:46.146+0000] {logging_mixin.py:151} INFO - [2025-11-26T15:58:46.146+0000] {dag.py:3696} INFO - Setting next_dagrun for flight_price_ingestion to 2025-11-26T07:00:00+00:00, run_after=2025-11-27T07:00:00+00:00
[2025-11-26T15:58:46.161+0000] {processor.py:179} INFO - Processing /opt/airflow/dags/ingestion_dag.py took 0.443 seconds
[2025-11-26T15:59:16.428+0000] {processor.py:157} INFO - Started process (PID=338) to work on /opt/airflow/dags/ingestion_dag.py
[2025-11-26T15:59:16.430+0000] {processor.py:829} INFO - Processing file /opt/airflow/dags/ingestion_dag.py for tasks to queue
[2025-11-26T15:59:16.433+0000] {logging_mixin.py:151} INFO - [2025-11-26T15:59:16.432+0000] {dagbag.py:539} INFO - Filling up the DagBag from /opt/airflow/dags/ingestion_dag.py
[2025-11-26T15:59:16.863+0000] {processor.py:839} INFO - DAG(s) dict_keys(['flight_price_ingestion']) retrieved from /opt/airflow/dags/ingestion_dag.py
[2025-11-26T15:59:16.884+0000] {logging_mixin.py:151} INFO - [2025-11-26T15:59:16.883+0000] {dag.py:2915} INFO - Sync 1 DAGs
[2025-11-26T15:59:16.906+0000] {logging_mixin.py:151} INFO - [2025-11-26T15:59:16.906+0000] {dag.py:3696} INFO - Setting next_dagrun for flight_price_ingestion to 2025-11-26T07:00:00+00:00, run_after=2025-11-27T07:00:00+00:00
[2025-11-26T15:59:16.930+0000] {processor.py:179} INFO - Processing /opt/airflow/dags/ingestion_dag.py took 0.514 seconds
[2025-11-26T15:59:47.190+0000] {processor.py:157} INFO - Started process (PID=344) to work on /opt/airflow/dags/ingestion_dag.py
[2025-11-26T15:59:47.191+0000] {processor.py:829} INFO - Processing file /opt/airflow/dags/ingestion_dag.py for tasks to queue
[2025-11-26T15:59:47.192+0000] {logging_mixin.py:151} INFO - [2025-11-26T15:59:47.192+0000] {dagbag.py:539} INFO - Filling up the DagBag from /opt/airflow/dags/ingestion_dag.py
[2025-11-26T15:59:47.581+0000] {processor.py:839} INFO - DAG(s) dict_keys(['flight_price_ingestion']) retrieved from /opt/airflow/dags/ingestion_dag.py
[2025-11-26T15:59:47.609+0000] {logging_mixin.py:151} INFO - [2025-11-26T15:59:47.609+0000] {dag.py:2915} INFO - Sync 1 DAGs
[2025-11-26T15:59:47.631+0000] {logging_mixin.py:151} INFO - [2025-11-26T15:59:47.630+0000] {dag.py:3696} INFO - Setting next_dagrun for flight_price_ingestion to 2025-11-26T07:00:00+00:00, run_after=2025-11-27T07:00:00+00:00
[2025-11-26T15:59:47.647+0000] {processor.py:179} INFO - Processing /opt/airflow/dags/ingestion_dag.py took 0.460 seconds
[2025-11-26T16:00:17.886+0000] {processor.py:157} INFO - Started process (PID=350) to work on /opt/airflow/dags/ingestion_dag.py
[2025-11-26T16:00:17.888+0000] {processor.py:829} INFO - Processing file /opt/airflow/dags/ingestion_dag.py for tasks to queue
[2025-11-26T16:00:17.890+0000] {logging_mixin.py:151} INFO - [2025-11-26T16:00:17.889+0000] {dagbag.py:539} INFO - Filling up the DagBag from /opt/airflow/dags/ingestion_dag.py
[2025-11-26T16:00:18.270+0000] {processor.py:839} INFO - DAG(s) dict_keys(['flight_price_ingestion']) retrieved from /opt/airflow/dags/ingestion_dag.py
[2025-11-26T16:00:18.292+0000] {logging_mixin.py:151} INFO - [2025-11-26T16:00:18.291+0000] {dag.py:2915} INFO - Sync 1 DAGs
[2025-11-26T16:00:18.318+0000] {logging_mixin.py:151} INFO - [2025-11-26T16:00:18.318+0000] {dag.py:3696} INFO - Setting next_dagrun for flight_price_ingestion to 2025-11-26T07:00:00+00:00, run_after=2025-11-27T07:00:00+00:00
[2025-11-26T16:00:18.343+0000] {processor.py:179} INFO - Processing /opt/airflow/dags/ingestion_dag.py took 0.467 seconds
[2025-11-26T16:00:48.612+0000] {processor.py:157} INFO - Started process (PID=356) to work on /opt/airflow/dags/ingestion_dag.py
[2025-11-26T16:00:48.613+0000] {processor.py:829} INFO - Processing file /opt/airflow/dags/ingestion_dag.py for tasks to queue
[2025-11-26T16:00:48.617+0000] {logging_mixin.py:151} INFO - [2025-11-26T16:00:48.616+0000] {dagbag.py:539} INFO - Filling up the DagBag from /opt/airflow/dags/ingestion_dag.py
[2025-11-26T16:00:49.011+0000] {processor.py:839} INFO - DAG(s) dict_keys(['flight_price_ingestion']) retrieved from /opt/airflow/dags/ingestion_dag.py
[2025-11-26T16:00:49.031+0000] {logging_mixin.py:151} INFO - [2025-11-26T16:00:49.031+0000] {dag.py:2915} INFO - Sync 1 DAGs
[2025-11-26T16:00:49.053+0000] {logging_mixin.py:151} INFO - [2025-11-26T16:00:49.053+0000] {dag.py:3696} INFO - Setting next_dagrun for flight_price_ingestion to 2025-11-26T07:00:00+00:00, run_after=2025-11-27T07:00:00+00:00
[2025-11-26T16:00:49.078+0000] {processor.py:179} INFO - Processing /opt/airflow/dags/ingestion_dag.py took 0.473 seconds
[2025-11-26T16:01:19.322+0000] {processor.py:157} INFO - Started process (PID=362) to work on /opt/airflow/dags/ingestion_dag.py
[2025-11-26T16:01:19.323+0000] {processor.py:829} INFO - Processing file /opt/airflow/dags/ingestion_dag.py for tasks to queue
[2025-11-26T16:01:19.324+0000] {logging_mixin.py:151} INFO - [2025-11-26T16:01:19.324+0000] {dagbag.py:539} INFO - Filling up the DagBag from /opt/airflow/dags/ingestion_dag.py
[2025-11-26T16:01:19.693+0000] {processor.py:839} INFO - DAG(s) dict_keys(['flight_price_ingestion']) retrieved from /opt/airflow/dags/ingestion_dag.py
[2025-11-26T16:01:19.713+0000] {logging_mixin.py:151} INFO - [2025-11-26T16:01:19.713+0000] {dag.py:2915} INFO - Sync 1 DAGs
[2025-11-26T16:01:19.734+0000] {logging_mixin.py:151} INFO - [2025-11-26T16:01:19.734+0000] {dag.py:3696} INFO - Setting next_dagrun for flight_price_ingestion to 2025-11-26T07:00:00+00:00, run_after=2025-11-27T07:00:00+00:00
[2025-11-26T16:01:19.757+0000] {processor.py:179} INFO - Processing /opt/airflow/dags/ingestion_dag.py took 0.439 seconds
[2025-11-26T16:01:50.001+0000] {processor.py:157} INFO - Started process (PID=368) to work on /opt/airflow/dags/ingestion_dag.py
[2025-11-26T16:01:50.002+0000] {processor.py:829} INFO - Processing file /opt/airflow/dags/ingestion_dag.py for tasks to queue
[2025-11-26T16:01:50.003+0000] {logging_mixin.py:151} INFO - [2025-11-26T16:01:50.002+0000] {dagbag.py:539} INFO - Filling up the DagBag from /opt/airflow/dags/ingestion_dag.py
[2025-11-26T16:01:50.377+0000] {processor.py:839} INFO - DAG(s) dict_keys(['flight_price_ingestion']) retrieved from /opt/airflow/dags/ingestion_dag.py
[2025-11-26T16:01:50.398+0000] {logging_mixin.py:151} INFO - [2025-11-26T16:01:50.397+0000] {dag.py:2915} INFO - Sync 1 DAGs
[2025-11-26T16:01:50.420+0000] {logging_mixin.py:151} INFO - [2025-11-26T16:01:50.419+0000] {dag.py:3696} INFO - Setting next_dagrun for flight_price_ingestion to 2025-11-26T07:00:00+00:00, run_after=2025-11-27T07:00:00+00:00
[2025-11-26T16:01:50.443+0000] {processor.py:179} INFO - Processing /opt/airflow/dags/ingestion_dag.py took 0.446 seconds
[2025-11-26T16:02:20.677+0000] {processor.py:157} INFO - Started process (PID=374) to work on /opt/airflow/dags/ingestion_dag.py
[2025-11-26T16:02:20.679+0000] {processor.py:829} INFO - Processing file /opt/airflow/dags/ingestion_dag.py for tasks to queue
[2025-11-26T16:02:20.681+0000] {logging_mixin.py:151} INFO - [2025-11-26T16:02:20.681+0000] {dagbag.py:539} INFO - Filling up the DagBag from /opt/airflow/dags/ingestion_dag.py
[2025-11-26T16:02:21.060+0000] {processor.py:839} INFO - DAG(s) dict_keys(['flight_price_ingestion']) retrieved from /opt/airflow/dags/ingestion_dag.py
[2025-11-26T16:02:21.082+0000] {logging_mixin.py:151} INFO - [2025-11-26T16:02:21.080+0000] {dag.py:2915} INFO - Sync 1 DAGs
[2025-11-26T16:02:21.104+0000] {logging_mixin.py:151} INFO - [2025-11-26T16:02:21.104+0000] {dag.py:3696} INFO - Setting next_dagrun for flight_price_ingestion to 2025-11-26T07:00:00+00:00, run_after=2025-11-27T07:00:00+00:00
[2025-11-26T16:02:21.128+0000] {processor.py:179} INFO - Processing /opt/airflow/dags/ingestion_dag.py took 0.458 seconds
[2025-11-26T16:02:51.336+0000] {processor.py:157} INFO - Started process (PID=380) to work on /opt/airflow/dags/ingestion_dag.py
[2025-11-26T16:02:51.336+0000] {processor.py:829} INFO - Processing file /opt/airflow/dags/ingestion_dag.py for tasks to queue
[2025-11-26T16:02:51.337+0000] {logging_mixin.py:151} INFO - [2025-11-26T16:02:51.337+0000] {dagbag.py:539} INFO - Filling up the DagBag from /opt/airflow/dags/ingestion_dag.py
[2025-11-26T16:02:51.756+0000] {processor.py:839} INFO - DAG(s) dict_keys(['flight_price_ingestion']) retrieved from /opt/airflow/dags/ingestion_dag.py
[2025-11-26T16:02:51.778+0000] {logging_mixin.py:151} INFO - [2025-11-26T16:02:51.777+0000] {dag.py:2915} INFO - Sync 1 DAGs
[2025-11-26T16:02:51.800+0000] {logging_mixin.py:151} INFO - [2025-11-26T16:02:51.800+0000] {dag.py:3696} INFO - Setting next_dagrun for flight_price_ingestion to 2025-11-26T07:00:00+00:00, run_after=2025-11-27T07:00:00+00:00
[2025-11-26T16:02:51.826+0000] {processor.py:179} INFO - Processing /opt/airflow/dags/ingestion_dag.py took 0.494 seconds
[2025-11-26T16:03:22.030+0000] {processor.py:157} INFO - Started process (PID=386) to work on /opt/airflow/dags/ingestion_dag.py
[2025-11-26T16:03:22.031+0000] {processor.py:829} INFO - Processing file /opt/airflow/dags/ingestion_dag.py for tasks to queue
[2025-11-26T16:03:22.032+0000] {logging_mixin.py:151} INFO - [2025-11-26T16:03:22.031+0000] {dagbag.py:539} INFO - Filling up the DagBag from /opt/airflow/dags/ingestion_dag.py
[2025-11-26T16:03:22.408+0000] {processor.py:839} INFO - DAG(s) dict_keys(['flight_price_ingestion']) retrieved from /opt/airflow/dags/ingestion_dag.py
[2025-11-26T16:03:22.429+0000] {logging_mixin.py:151} INFO - [2025-11-26T16:03:22.429+0000] {dag.py:2915} INFO - Sync 1 DAGs
[2025-11-26T16:03:22.449+0000] {logging_mixin.py:151} INFO - [2025-11-26T16:03:22.449+0000] {dag.py:3696} INFO - Setting next_dagrun for flight_price_ingestion to 2025-11-26T07:00:00+00:00, run_after=2025-11-27T07:00:00+00:00
[2025-11-26T16:03:22.465+0000] {processor.py:179} INFO - Processing /opt/airflow/dags/ingestion_dag.py took 0.437 seconds
[2025-11-26T16:03:52.686+0000] {processor.py:157} INFO - Started process (PID=392) to work on /opt/airflow/dags/ingestion_dag.py
[2025-11-26T16:03:52.688+0000] {processor.py:829} INFO - Processing file /opt/airflow/dags/ingestion_dag.py for tasks to queue
[2025-11-26T16:03:52.689+0000] {logging_mixin.py:151} INFO - [2025-11-26T16:03:52.688+0000] {dagbag.py:539} INFO - Filling up the DagBag from /opt/airflow/dags/ingestion_dag.py
[2025-11-26T16:03:53.114+0000] {processor.py:839} INFO - DAG(s) dict_keys(['flight_price_ingestion']) retrieved from /opt/airflow/dags/ingestion_dag.py
[2025-11-26T16:03:53.136+0000] {logging_mixin.py:151} INFO - [2025-11-26T16:03:53.135+0000] {dag.py:2915} INFO - Sync 1 DAGs
[2025-11-26T16:03:53.156+0000] {logging_mixin.py:151} INFO - [2025-11-26T16:03:53.156+0000] {dag.py:3696} INFO - Setting next_dagrun for flight_price_ingestion to 2025-11-26T07:00:00+00:00, run_after=2025-11-27T07:00:00+00:00
[2025-11-26T16:03:53.180+0000] {processor.py:179} INFO - Processing /opt/airflow/dags/ingestion_dag.py took 0.500 seconds
[2025-11-26T16:04:23.429+0000] {processor.py:157} INFO - Started process (PID=398) to work on /opt/airflow/dags/ingestion_dag.py
[2025-11-26T16:04:23.431+0000] {processor.py:829} INFO - Processing file /opt/airflow/dags/ingestion_dag.py for tasks to queue
[2025-11-26T16:04:23.435+0000] {logging_mixin.py:151} INFO - [2025-11-26T16:04:23.434+0000] {dagbag.py:539} INFO - Filling up the DagBag from /opt/airflow/dags/ingestion_dag.py
[2025-11-26T16:04:23.847+0000] {processor.py:839} INFO - DAG(s) dict_keys(['flight_price_ingestion']) retrieved from /opt/airflow/dags/ingestion_dag.py
[2025-11-26T16:04:23.868+0000] {logging_mixin.py:151} INFO - [2025-11-26T16:04:23.868+0000] {dag.py:2915} INFO - Sync 1 DAGs
[2025-11-26T16:04:23.890+0000] {logging_mixin.py:151} INFO - [2025-11-26T16:04:23.889+0000] {dag.py:3696} INFO - Setting next_dagrun for flight_price_ingestion to 2025-11-26T07:00:00+00:00, run_after=2025-11-27T07:00:00+00:00
[2025-11-26T16:04:23.914+0000] {processor.py:179} INFO - Processing /opt/airflow/dags/ingestion_dag.py took 0.499 seconds
[2025-11-26T16:04:54.120+0000] {processor.py:157} INFO - Started process (PID=404) to work on /opt/airflow/dags/ingestion_dag.py
[2025-11-26T16:04:54.121+0000] {processor.py:829} INFO - Processing file /opt/airflow/dags/ingestion_dag.py for tasks to queue
[2025-11-26T16:04:54.122+0000] {logging_mixin.py:151} INFO - [2025-11-26T16:04:54.121+0000] {dagbag.py:539} INFO - Filling up the DagBag from /opt/airflow/dags/ingestion_dag.py
[2025-11-26T16:04:54.506+0000] {processor.py:839} INFO - DAG(s) dict_keys(['flight_price_ingestion']) retrieved from /opt/airflow/dags/ingestion_dag.py
[2025-11-26T16:04:54.527+0000] {logging_mixin.py:151} INFO - [2025-11-26T16:04:54.527+0000] {dag.py:2915} INFO - Sync 1 DAGs
[2025-11-26T16:04:54.549+0000] {logging_mixin.py:151} INFO - [2025-11-26T16:04:54.549+0000] {dag.py:3696} INFO - Setting next_dagrun for flight_price_ingestion to 2025-11-26T07:00:00+00:00, run_after=2025-11-27T07:00:00+00:00
[2025-11-26T16:04:54.565+0000] {processor.py:179} INFO - Processing /opt/airflow/dags/ingestion_dag.py took 0.451 seconds
[2025-11-26T16:05:24.787+0000] {processor.py:157} INFO - Started process (PID=410) to work on /opt/airflow/dags/ingestion_dag.py
[2025-11-26T16:05:24.788+0000] {processor.py:829} INFO - Processing file /opt/airflow/dags/ingestion_dag.py for tasks to queue
[2025-11-26T16:05:24.789+0000] {logging_mixin.py:151} INFO - [2025-11-26T16:05:24.789+0000] {dagbag.py:539} INFO - Filling up the DagBag from /opt/airflow/dags/ingestion_dag.py
[2025-11-26T16:05:25.166+0000] {processor.py:839} INFO - DAG(s) dict_keys(['flight_price_ingestion']) retrieved from /opt/airflow/dags/ingestion_dag.py
[2025-11-26T16:05:25.187+0000] {logging_mixin.py:151} INFO - [2025-11-26T16:05:25.187+0000] {dag.py:2915} INFO - Sync 1 DAGs
[2025-11-26T16:05:25.209+0000] {logging_mixin.py:151} INFO - [2025-11-26T16:05:25.209+0000] {dag.py:3696} INFO - Setting next_dagrun for flight_price_ingestion to 2025-11-26T07:00:00+00:00, run_after=2025-11-27T07:00:00+00:00
[2025-11-26T16:05:25.232+0000] {processor.py:179} INFO - Processing /opt/airflow/dags/ingestion_dag.py took 0.448 seconds
[2025-11-26T16:05:55.488+0000] {processor.py:157} INFO - Started process (PID=416) to work on /opt/airflow/dags/ingestion_dag.py
[2025-11-26T16:05:55.490+0000] {processor.py:829} INFO - Processing file /opt/airflow/dags/ingestion_dag.py for tasks to queue
[2025-11-26T16:05:55.492+0000] {logging_mixin.py:151} INFO - [2025-11-26T16:05:55.491+0000] {dagbag.py:539} INFO - Filling up the DagBag from /opt/airflow/dags/ingestion_dag.py
[2025-11-26T16:05:55.866+0000] {processor.py:839} INFO - DAG(s) dict_keys(['flight_price_ingestion']) retrieved from /opt/airflow/dags/ingestion_dag.py
[2025-11-26T16:05:55.888+0000] {logging_mixin.py:151} INFO - [2025-11-26T16:05:55.887+0000] {dag.py:2915} INFO - Sync 1 DAGs
[2025-11-26T16:05:55.908+0000] {logging_mixin.py:151} INFO - [2025-11-26T16:05:55.908+0000] {dag.py:3696} INFO - Setting next_dagrun for flight_price_ingestion to 2025-11-26T07:00:00+00:00, run_after=2025-11-27T07:00:00+00:00
[2025-11-26T16:05:55.931+0000] {processor.py:179} INFO - Processing /opt/airflow/dags/ingestion_dag.py took 0.454 seconds
[2025-11-26T16:06:26.154+0000] {processor.py:157} INFO - Started process (PID=422) to work on /opt/airflow/dags/ingestion_dag.py
[2025-11-26T16:06:26.155+0000] {processor.py:829} INFO - Processing file /opt/airflow/dags/ingestion_dag.py for tasks to queue
[2025-11-26T16:06:26.155+0000] {logging_mixin.py:151} INFO - [2025-11-26T16:06:26.155+0000] {dagbag.py:539} INFO - Filling up the DagBag from /opt/airflow/dags/ingestion_dag.py
[2025-11-26T16:06:26.509+0000] {processor.py:839} INFO - DAG(s) dict_keys(['flight_price_ingestion']) retrieved from /opt/airflow/dags/ingestion_dag.py
[2025-11-26T16:06:26.530+0000] {logging_mixin.py:151} INFO - [2025-11-26T16:06:26.530+0000] {dag.py:2915} INFO - Sync 1 DAGs
[2025-11-26T16:06:26.550+0000] {logging_mixin.py:151} INFO - [2025-11-26T16:06:26.550+0000] {dag.py:3696} INFO - Setting next_dagrun for flight_price_ingestion to 2025-11-26T07:00:00+00:00, run_after=2025-11-27T07:00:00+00:00
[2025-11-26T16:06:26.565+0000] {processor.py:179} INFO - Processing /opt/airflow/dags/ingestion_dag.py took 0.414 seconds
[2025-11-26T16:06:56.789+0000] {processor.py:157} INFO - Started process (PID=428) to work on /opt/airflow/dags/ingestion_dag.py
[2025-11-26T16:06:56.789+0000] {processor.py:829} INFO - Processing file /opt/airflow/dags/ingestion_dag.py for tasks to queue
[2025-11-26T16:06:56.790+0000] {logging_mixin.py:151} INFO - [2025-11-26T16:06:56.790+0000] {dagbag.py:539} INFO - Filling up the DagBag from /opt/airflow/dags/ingestion_dag.py
[2025-11-26T16:06:57.156+0000] {processor.py:839} INFO - DAG(s) dict_keys(['flight_price_ingestion']) retrieved from /opt/airflow/dags/ingestion_dag.py
[2025-11-26T16:06:57.176+0000] {logging_mixin.py:151} INFO - [2025-11-26T16:06:57.175+0000] {dag.py:2915} INFO - Sync 1 DAGs
[2025-11-26T16:06:57.196+0000] {logging_mixin.py:151} INFO - [2025-11-26T16:06:57.196+0000] {dag.py:3696} INFO - Setting next_dagrun for flight_price_ingestion to 2025-11-26T07:00:00+00:00, run_after=2025-11-27T07:00:00+00:00
[2025-11-26T16:06:57.221+0000] {processor.py:179} INFO - Processing /opt/airflow/dags/ingestion_dag.py took 0.435 seconds
