[2025-12-28T20:11:22.910+0700] {local_task_job_runner.py:120} INFO - ::group::Pre task execution logs
[2025-12-28T20:11:22.960+0700] {taskinstance.py:2076} INFO - Dependencies all met for dep_context=non-requeueable deps ti=<TaskInstance: flight_ingestion_v2.extract_task manual__2025-12-28T12:58:51.762929+00:00 [queued]>
[2025-12-28T20:11:22.977+0700] {taskinstance.py:2076} INFO - Dependencies all met for dep_context=requeueable deps ti=<TaskInstance: flight_ingestion_v2.extract_task manual__2025-12-28T12:58:51.762929+00:00 [queued]>
[2025-12-28T20:11:22.977+0700] {taskinstance.py:2306} INFO - Starting attempt 2 of 2
[2025-12-28T20:11:23.005+0700] {taskinstance.py:2330} INFO - Executing <Task(PythonOperator): extract_task> on 2025-12-28 12:58:51.762929+00:00
[2025-12-28T20:11:23.013+0700] {standard_task_runner.py:63} INFO - Started process 325 to run task
[2025-12-28T20:11:23.019+0700] {standard_task_runner.py:90} INFO - Running: ['airflow', 'tasks', 'run', 'flight_ingestion_v2', 'extract_task', 'manual__2025-12-28T12:58:51.762929+00:00', '--job-id', '3', '--raw', '--subdir', 'DAGS_FOLDER/ingestion_dag.py', '--cfg-path', '/tmp/tmpj39e19ip']
[2025-12-28T20:11:23.022+0700] {standard_task_runner.py:91} INFO - Job 3: Subtask extract_task
[2025-12-28T20:11:23.050+0700] {logging_mixin.py:188} WARNING - /home/airflow/.local/lib/python3.9/site-packages/airflow/settings.py:195 DeprecationWarning: The sql_alchemy_conn option in [core] has been moved to the sql_alchemy_conn option in [database] - the old setting has been used, but please update your config.
[2025-12-28T20:11:23.122+0700] {task_command.py:426} INFO - Running <TaskInstance: flight_ingestion_v2.extract_task manual__2025-12-28T12:58:51.762929+00:00 [running]> on host 51700688ae22
[2025-12-28T20:11:23.297+0700] {taskinstance.py:2648} INFO - Exporting env vars: AIRFLOW_CTX_DAG_OWNER='airflow' AIRFLOW_CTX_DAG_ID='flight_ingestion_v2' AIRFLOW_CTX_TASK_ID='extract_task' AIRFLOW_CTX_EXECUTION_DATE='2025-12-28T12:58:51.762929+00:00' AIRFLOW_CTX_TRY_NUMBER='2' AIRFLOW_CTX_DAG_RUN_ID='manual__2025-12-28T12:58:51.762929+00:00'
[2025-12-28T20:11:23.299+0700] {taskinstance.py:430} INFO - ::endgroup::
[2025-12-28T20:11:23.323+0700] {logging_mixin.py:188} INFO - --- Bắt đầu Extract từ 2025-12-28 đến 2026-01-02 ---
[2025-12-28T20:11:23.333+0700] {logging_mixin.py:188} INFO - Processing: HAN -> SGN on 2025-12-28 (Economy)
[2025-12-28T20:11:39.373+0700] {logging_mixin.py:188} INFO - -> Đã cào được 9 chuyến bay: HAN -> SGN
[2025-12-28T20:11:39.540+0700] {logging_mixin.py:188} INFO - Processing: HAN -> SGN on 2025-12-28 (Business)
[2025-12-28T20:11:52.291+0700] {logging_mixin.py:188} INFO - -> Đã cào được 4 chuyến bay: HAN -> SGN
[2025-12-28T20:11:52.373+0700] {logging_mixin.py:188} INFO - Processing: HAN -> SGN on 2025-12-29 (Economy)
[2025-12-28T20:12:18.918+0700] {local_task_job_runner.py:310} WARNING - State of this instance has been externally set to None. Terminating instance.
[2025-12-28T20:12:18.924+0700] {local_task_job_runner.py:222} INFO - ::endgroup::
[2025-12-28T20:12:18.937+0700] {process_utils.py:132} INFO - Sending 15 to group 325. PIDs of all processes in the group: [325]
[2025-12-28T20:12:18.941+0700] {process_utils.py:87} INFO - Sending the signal 15 to group 325
[2025-12-28T20:12:18.944+0700] {taskinstance.py:2611} ERROR - Received SIGTERM. Terminating subprocesses.
[2025-12-28T20:12:43.974+0700] {logging_mixin.py:188} INFO - -> Đã cào được 62 chuyến bay: HAN -> SGN
[2025-12-28T20:12:44.097+0700] {logging_mixin.py:188} INFO - Processing: HAN -> SGN on 2025-12-29 (Business)
[2025-12-28T20:13:18.955+0700] {process_utils.py:150} WARNING - process psutil.Process(pid=325, name='airflow task ru', status='sleeping', started='20:11:22') did not respond to SIGTERM. Trying SIGKILL
[2025-12-28T20:13:18.959+0700] {process_utils.py:87} INFO - Sending the signal 9 to group 325
[2025-12-28T20:13:18.982+0700] {process_utils.py:80} INFO - Process psutil.Process(pid=325, name='airflow task ru', status='terminated', exitcode=<Negsignal.SIGKILL: -9>, started='20:11:22') (325) terminated with exit code -9
[2025-12-28T20:13:18.984+0700] {standard_task_runner.py:178} ERROR - Job 3 was killed before it finished (likely due to running out of memory)
