[2025-12-28T19:58:54.928+0700] {local_task_job_runner.py:120} INFO - ::group::Pre task execution logs
[2025-12-28T19:58:54.988+0700] {taskinstance.py:2076} INFO - Dependencies all met for dep_context=non-requeueable deps ti=<TaskInstance: flight_ingestion_v2.extract_task manual__2025-12-28T12:58:51.762929+00:00 [queued]>
[2025-12-28T19:58:55.008+0700] {taskinstance.py:2076} INFO - Dependencies all met for dep_context=requeueable deps ti=<TaskInstance: flight_ingestion_v2.extract_task manual__2025-12-28T12:58:51.762929+00:00 [queued]>
[2025-12-28T19:58:55.009+0700] {taskinstance.py:2306} INFO - Starting attempt 1 of 2
[2025-12-28T19:58:55.038+0700] {taskinstance.py:2330} INFO - Executing <Task(PythonOperator): extract_task> on 2025-12-28 12:58:51.762929+00:00
[2025-12-28T19:58:55.046+0700] {standard_task_runner.py:63} INFO - Started process 178 to run task
[2025-12-28T19:58:55.058+0700] {standard_task_runner.py:90} INFO - Running: ['airflow', 'tasks', 'run', 'flight_ingestion_v2', 'extract_task', 'manual__2025-12-28T12:58:51.762929+00:00', '--job-id', '2', '--raw', '--subdir', 'DAGS_FOLDER/ingestion_dag.py', '--cfg-path', '/tmp/tmpg8m49urc']
[2025-12-28T19:58:55.062+0700] {standard_task_runner.py:91} INFO - Job 2: Subtask extract_task
[2025-12-28T19:58:55.104+0700] {logging_mixin.py:188} WARNING - /home/airflow/.local/lib/python3.9/site-packages/airflow/settings.py:195 DeprecationWarning: The sql_alchemy_conn option in [core] has been moved to the sql_alchemy_conn option in [database] - the old setting has been used, but please update your config.
[2025-12-28T19:58:55.191+0700] {task_command.py:426} INFO - Running <TaskInstance: flight_ingestion_v2.extract_task manual__2025-12-28T12:58:51.762929+00:00 [running]> on host 51700688ae22
[2025-12-28T19:58:55.427+0700] {taskinstance.py:2648} INFO - Exporting env vars: AIRFLOW_CTX_DAG_OWNER='airflow' AIRFLOW_CTX_DAG_ID='flight_ingestion_v2' AIRFLOW_CTX_TASK_ID='extract_task' AIRFLOW_CTX_EXECUTION_DATE='2025-12-28T12:58:51.762929+00:00' AIRFLOW_CTX_TRY_NUMBER='1' AIRFLOW_CTX_DAG_RUN_ID='manual__2025-12-28T12:58:51.762929+00:00'
[2025-12-28T19:58:55.434+0700] {taskinstance.py:430} INFO - ::endgroup::
[2025-12-28T19:58:55.552+0700] {logging_mixin.py:188} INFO - --- Bắt đầu Extract từ 2025-12-28 đến 2026-01-02 ---
[2025-12-28T19:58:55.577+0700] {logging_mixin.py:188} INFO - Processing: HAN -> SGN on 2025-12-28 (Economy)
[2025-12-28T19:59:18.743+0700] {logging_mixin.py:188} INFO - -> Đã cào được 11 chuyến bay: HAN -> SGN
[2025-12-28T19:59:18.840+0700] {logging_mixin.py:188} INFO - Processing: HAN -> SGN on 2025-12-28 (Business)
[2025-12-28T19:59:31.423+0700] {logging_mixin.py:188} INFO - -> Đã cào được 5 chuyến bay: HAN -> SGN
[2025-12-28T19:59:31.565+0700] {logging_mixin.py:188} INFO - Processing: HAN -> SGN on 2025-12-29 (Economy)
[2025-12-28T20:00:25.293+0700] {logging_mixin.py:188} INFO - -> Đã cào được 63 chuyến bay: HAN -> SGN
[2025-12-28T20:00:25.408+0700] {logging_mixin.py:188} INFO - Processing: HAN -> SGN on 2025-12-29 (Business)
[2025-12-28T20:00:53.106+0700] {logging_mixin.py:188} INFO - -> Đã cào được 26 chuyến bay: HAN -> SGN
[2025-12-28T20:00:53.219+0700] {logging_mixin.py:188} INFO - Processing: HAN -> SGN on 2025-12-30 (Economy)
[2025-12-28T20:01:50.682+0700] {logging_mixin.py:188} INFO - -> Đã cào được 68 chuyến bay: HAN -> SGN
[2025-12-28T20:01:50.828+0700] {logging_mixin.py:188} INFO - Processing: HAN -> SGN on 2025-12-30 (Business)
[2025-12-28T20:02:19.294+0700] {logging_mixin.py:188} INFO - -> Đã cào được 27 chuyến bay: HAN -> SGN
[2025-12-28T20:02:19.418+0700] {logging_mixin.py:188} INFO - Processing: HAN -> SGN on 2025-12-31 (Economy)
[2025-12-28T20:03:16.753+0700] {logging_mixin.py:188} INFO - -> Đã cào được 71 chuyến bay: HAN -> SGN
[2025-12-28T20:03:16.841+0700] {logging_mixin.py:188} INFO - Processing: HAN -> SGN on 2025-12-31 (Business)
[2025-12-28T20:03:45.995+0700] {logging_mixin.py:188} INFO - -> Đã cào được 27 chuyến bay: HAN -> SGN
[2025-12-28T20:03:46.104+0700] {logging_mixin.py:188} INFO - Processing: HAN -> SGN on 2026-01-01 (Economy)
[2025-12-28T20:04:33.545+0700] {logging_mixin.py:188} INFO - -> Đã cào được 63 chuyến bay: HAN -> SGN
[2025-12-28T20:04:33.659+0700] {logging_mixin.py:188} INFO - Processing: HAN -> SGN on 2026-01-01 (Business)
[2025-12-28T20:05:00.389+0700] {logging_mixin.py:188} INFO - -> Đã cào được 28 chuyến bay: HAN -> SGN
[2025-12-28T20:05:00.533+0700] {logging_mixin.py:188} INFO - Processing: HAN -> SGN on 2026-01-02 (Economy)
[2025-12-28T20:05:53.508+0700] {logging_mixin.py:188} INFO - -> Đã cào được 65 chuyến bay: HAN -> SGN
[2025-12-28T20:05:53.603+0700] {logging_mixin.py:188} INFO - Processing: HAN -> SGN on 2026-01-02 (Business)
[2025-12-28T20:06:21.189+0700] {logging_mixin.py:188} INFO - -> Đã cào được 30 chuyến bay: HAN -> SGN
[2025-12-28T20:06:21.437+0700] {logging_mixin.py:188} INFO - ❌ Lỗi lưu DB: (psycopg2.errors.UndefinedColumn) column "is_nonstop" of relation "flight_raw" does not exist
LINE 1: ...ime, airline_name, travel_class, num_stop, price, is_nonstop...
                                                             ^

[SQL: INSERT INTO flight_raw (timestamp, id_departure, id_arrival, departure_datetime, arrival_datetime, airline_name, travel_class, num_stop, price, is_nonstop) VALUES (%(timestamp)s, %(id_departure)s, %(id_arrival)s, %(departure_datetime)s, %(arrival_datetime)s, %(airline_name)s, %(travel_class)s, %(num_stop)s, %(price)s, %(is_nonstop)s)]
[parameters: ({'timestamp': '2025-12-28 19:59:09', 'id_departure': 'HAN', 'id_arrival': 'SGN', 'departure_datetime': '2025-12-28 23:50', 'arrival_datetime': '2025-12-29 02:10', 'airline_name': 'Vietravel Airlines', 'travel_class': 'Economy', 'num_stop': None, 'price': '1981240', 'is_nonstop': True}, {'timestamp': '2025-12-28 19:59:09', 'id_departure': 'HAN', 'id_arrival': 'SGN', 'departure_datetime': '2025-12-28 21:00', 'arrival_datetime': '2025-12-28 23:10', 'airline_name': 'Vietnam Airlines', 'travel_class': 'Economy', 'num_stop': None, 'price': '2188000', 'is_nonstop': True}, {'timestamp': '2025-12-28 19:59:09', 'id_departure': 'HAN', 'id_arrival': 'SGN', 'departure_datetime': '2025-12-28 21:00', 'arrival_datetime': '2025-12-28 23:10', 'airline_name': 'Vietnam Airlines', 'travel_class': 'Economy', 'num_stop': None, 'price': '2394000', 'is_nonstop': True}, {'timestamp': '2025-12-28 19:59:09', 'id_departure': 'HAN', 'id_arrival': 'SGN', 'departure_datetime': '2025-12-28 20:30', 'arrival_datetime': '2025-12-28 22:45', 'airline_name': 'Bamboo Airways', 'travel_class': 'Economy', 'num_stop': None, 'price': '2582000', 'is_nonstop': True}, {'timestamp': '2025-12-28 19:59:09', 'id_departure': 'HAN', 'id_arrival': 'SGN', 'departure_datetime': '2025-12-28 21:50', 'arrival_datetime': '2025-12-29 00:05', 'airline_name': 'Bamboo Airways', 'travel_class': 'Economy', 'num_stop': None, 'price': '2808000', 'is_nonstop': True}, {'timestamp': '2025-12-28 19:59:09', 'id_departure': 'HAN', 'id_arrival': 'SGN', 'departure_datetime': '2025-12-28 22:35', 'arrival_datetime': '2025-12-29 00:50', 'airline_name': 'Bamboo Airways', 'travel_class': 'Economy', 'num_stop': None, 'price': '2808000', 'is_nonstop': True}, {'timestamp': '2025-12-28 19:59:09', 'id_departure': 'HAN', 'id_arrival': 'SGN', 'departure_datetime': '2025-12-28 22:20', 'arrival_datetime': '2025-12-29 00:30', 'airline_name': 'Vietnam Airlines', 'travel_class': 'Economy', 'num_stop': None, 'price': '2836000', 'is_nonstop': True}, {'timestamp': '2025-12-28 19:59:09', 'id_departure': 'HAN', 'id_arrival': 'SGN', 'departure_datetime': '2025-12-28 23:00', 'arrival_datetime': '2025-12-29 01:10', 'airline_name': 'Vietnam Airlines', 'travel_class': 'Economy', 'num_stop': None, 'price': '2836000', 'is_nonstop': True}  ... displaying 10 of 484 total bound parameter sets ...  {'timestamp': '2025-12-28 20:06:04', 'id_departure': 'HAN', 'id_arrival': 'SGN', 'departure_datetime': '2026-01-02 11:05', 'arrival_datetime': '2026-01-02 18:35', 'airline_name': 'Cathay Pacific', 'travel_class': 'Business', 'num_stop': None, 'price': '19193000', 'is_nonstop': False}, {'timestamp': '2025-12-28 20:06:04', 'id_departure': 'HAN', 'id_arrival': 'SGN', 'departure_datetime': '2026-01-02 12:35', 'arrival_datetime': '2026-01-02 22:00', 'airline_name': 'EVA Air', 'travel_class': 'Business', 'num_stop': None, 'price': '21029000', 'is_nonstop': False})]
(Background on this error at: https://sqlalche.me/e/14/f405)
[2025-12-28T20:06:21.439+0700] {logging_mixin.py:188} INFO - --- Lỗi Critical: (psycopg2.errors.UndefinedColumn) column "is_nonstop" of relation "flight_raw" does not exist
LINE 1: ...ime, airline_name, travel_class, num_stop, price, is_nonstop...
                                                             ^

[SQL: INSERT INTO flight_raw (timestamp, id_departure, id_arrival, departure_datetime, arrival_datetime, airline_name, travel_class, num_stop, price, is_nonstop) VALUES (%(timestamp)s, %(id_departure)s, %(id_arrival)s, %(departure_datetime)s, %(arrival_datetime)s, %(airline_name)s, %(travel_class)s, %(num_stop)s, %(price)s, %(is_nonstop)s)]
[parameters: ({'timestamp': '2025-12-28 19:59:09', 'id_departure': 'HAN', 'id_arrival': 'SGN', 'departure_datetime': '2025-12-28 23:50', 'arrival_datetime': '2025-12-29 02:10', 'airline_name': 'Vietravel Airlines', 'travel_class': 'Economy', 'num_stop': None, 'price': '1981240', 'is_nonstop': True}, {'timestamp': '2025-12-28 19:59:09', 'id_departure': 'HAN', 'id_arrival': 'SGN', 'departure_datetime': '2025-12-28 21:00', 'arrival_datetime': '2025-12-28 23:10', 'airline_name': 'Vietnam Airlines', 'travel_class': 'Economy', 'num_stop': None, 'price': '2188000', 'is_nonstop': True}, {'timestamp': '2025-12-28 19:59:09', 'id_departure': 'HAN', 'id_arrival': 'SGN', 'departure_datetime': '2025-12-28 21:00', 'arrival_datetime': '2025-12-28 23:10', 'airline_name': 'Vietnam Airlines', 'travel_class': 'Economy', 'num_stop': None, 'price': '2394000', 'is_nonstop': True}, {'timestamp': '2025-12-28 19:59:09', 'id_departure': 'HAN', 'id_arrival': 'SGN', 'departure_datetime': '2025-12-28 20:30', 'arrival_datetime': '2025-12-28 22:45', 'airline_name': 'Bamboo Airways', 'travel_class': 'Economy', 'num_stop': None, 'price': '2582000', 'is_nonstop': True}, {'timestamp': '2025-12-28 19:59:09', 'id_departure': 'HAN', 'id_arrival': 'SGN', 'departure_datetime': '2025-12-28 21:50', 'arrival_datetime': '2025-12-29 00:05', 'airline_name': 'Bamboo Airways', 'travel_class': 'Economy', 'num_stop': None, 'price': '2808000', 'is_nonstop': True}, {'timestamp': '2025-12-28 19:59:09', 'id_departure': 'HAN', 'id_arrival': 'SGN', 'departure_datetime': '2025-12-28 22:35', 'arrival_datetime': '2025-12-29 00:50', 'airline_name': 'Bamboo Airways', 'travel_class': 'Economy', 'num_stop': None, 'price': '2808000', 'is_nonstop': True}, {'timestamp': '2025-12-28 19:59:09', 'id_departure': 'HAN', 'id_arrival': 'SGN', 'departure_datetime': '2025-12-28 22:20', 'arrival_datetime': '2025-12-29 00:30', 'airline_name': 'Vietnam Airlines', 'travel_class': 'Economy', 'num_stop': None, 'price': '2836000', 'is_nonstop': True}, {'timestamp': '2025-12-28 19:59:09', 'id_departure': 'HAN', 'id_arrival': 'SGN', 'departure_datetime': '2025-12-28 23:00', 'arrival_datetime': '2025-12-29 01:10', 'airline_name': 'Vietnam Airlines', 'travel_class': 'Economy', 'num_stop': None, 'price': '2836000', 'is_nonstop': True}  ... displaying 10 of 484 total bound parameter sets ...  {'timestamp': '2025-12-28 20:06:04', 'id_departure': 'HAN', 'id_arrival': 'SGN', 'departure_datetime': '2026-01-02 11:05', 'arrival_datetime': '2026-01-02 18:35', 'airline_name': 'Cathay Pacific', 'travel_class': 'Business', 'num_stop': None, 'price': '19193000', 'is_nonstop': False}, {'timestamp': '2025-12-28 20:06:04', 'id_departure': 'HAN', 'id_arrival': 'SGN', 'departure_datetime': '2026-01-02 12:35', 'arrival_datetime': '2026-01-02 22:00', 'airline_name': 'EVA Air', 'travel_class': 'Business', 'num_stop': None, 'price': '21029000', 'is_nonstop': False})]
(Background on this error at: https://sqlalche.me/e/14/f405) ---
[2025-12-28T20:06:21.440+0700] {taskinstance.py:441} INFO - ::group::Post task execution logs
[2025-12-28T20:06:21.442+0700] {taskinstance.py:2905} ERROR - Task failed with exception
Traceback (most recent call last):
  File "/home/airflow/.local/lib/python3.9/site-packages/sqlalchemy/engine/base.py", line 1890, in _execute_context
    self.dialect.do_executemany(
  File "/home/airflow/.local/lib/python3.9/site-packages/sqlalchemy/dialects/postgresql/psycopg2.py", line 982, in do_executemany
    context._psycopg2_fetched_rows = xtras.execute_values(
  File "/home/airflow/.local/lib/python3.9/site-packages/psycopg2/extras.py", line 1299, in execute_values
    cur.execute(b''.join(parts))
psycopg2.errors.UndefinedColumn: column "is_nonstop" of relation "flight_raw" does not exist
LINE 1: ...ime, airline_name, travel_class, num_stop, price, is_nonstop...
                                                             ^


The above exception was the direct cause of the following exception:

Traceback (most recent call last):
  File "/home/airflow/.local/lib/python3.9/site-packages/airflow/models/taskinstance.py", line 465, in _execute_task
    result = _execute_callable(context=context, **execute_callable_kwargs)
  File "/home/airflow/.local/lib/python3.9/site-packages/airflow/models/taskinstance.py", line 432, in _execute_callable
    return execute_callable(context=context, **execute_callable_kwargs)
  File "/home/airflow/.local/lib/python3.9/site-packages/airflow/models/baseoperator.py", line 400, in wrapper
    return func(self, *args, **kwargs)
  File "/home/airflow/.local/lib/python3.9/site-packages/airflow/operators/python.py", line 235, in execute
    return_value = self.execute_callable()
  File "/home/airflow/.local/lib/python3.9/site-packages/airflow/operators/python.py", line 252, in execute_callable
    return self.python_callable(*self.op_args, **self.op_kwargs)
  File "/opt/airflow/src/etl/pipeline.py", line 61, in extract_flight_data
    raise e
  File "/opt/airflow/src/etl/pipeline.py", line 43, in extract_flight_data
    db_client.load_data(df_result, table_name='flight_raw')
  File "/opt/airflow/src/database/db_client.py", line 23, in load_data
    raise e
  File "/opt/airflow/src/database/db_client.py", line 19, in load_data
    df.to_sql(table_name, conn, if_exists='append', index=False)
  File "/home/airflow/.local/lib/python3.9/site-packages/pandas/util/_decorators.py", line 333, in wrapper
    return func(*args, **kwargs)
  File "/home/airflow/.local/lib/python3.9/site-packages/pandas/core/generic.py", line 3008, in to_sql
    return sql.to_sql(
  File "/home/airflow/.local/lib/python3.9/site-packages/pandas/io/sql.py", line 788, in to_sql
    return pandas_sql.to_sql(
  File "/home/airflow/.local/lib/python3.9/site-packages/pandas/io/sql.py", line 1958, in to_sql
    total_inserted = sql_engine.insert_records(
  File "/home/airflow/.local/lib/python3.9/site-packages/pandas/io/sql.py", line 1507, in insert_records
    raise err
  File "/home/airflow/.local/lib/python3.9/site-packages/pandas/io/sql.py", line 1498, in insert_records
    return table.insert(chunksize=chunksize, method=method)
  File "/home/airflow/.local/lib/python3.9/site-packages/pandas/io/sql.py", line 1059, in insert
    num_inserted = exec_insert(conn, keys, chunk_iter)
  File "/home/airflow/.local/lib/python3.9/site-packages/pandas/io/sql.py", line 951, in _execute_insert
    result = conn.execute(self.table.insert(), data)
  File "/home/airflow/.local/lib/python3.9/site-packages/sqlalchemy/engine/base.py", line 1385, in execute
    return meth(self, multiparams, params, _EMPTY_EXECUTION_OPTS)
  File "/home/airflow/.local/lib/python3.9/site-packages/sqlalchemy/sql/elements.py", line 334, in _execute_on_connection
    return connection._execute_clauseelement(
  File "/home/airflow/.local/lib/python3.9/site-packages/sqlalchemy/engine/base.py", line 1577, in _execute_clauseelement
    ret = self._execute_context(
  File "/home/airflow/.local/lib/python3.9/site-packages/sqlalchemy/engine/base.py", line 1953, in _execute_context
    self._handle_dbapi_exception(
  File "/home/airflow/.local/lib/python3.9/site-packages/sqlalchemy/engine/base.py", line 2134, in _handle_dbapi_exception
    util.raise_(
  File "/home/airflow/.local/lib/python3.9/site-packages/sqlalchemy/util/compat.py", line 211, in raise_
    raise exception
  File "/home/airflow/.local/lib/python3.9/site-packages/sqlalchemy/engine/base.py", line 1890, in _execute_context
    self.dialect.do_executemany(
  File "/home/airflow/.local/lib/python3.9/site-packages/sqlalchemy/dialects/postgresql/psycopg2.py", line 982, in do_executemany
    context._psycopg2_fetched_rows = xtras.execute_values(
  File "/home/airflow/.local/lib/python3.9/site-packages/psycopg2/extras.py", line 1299, in execute_values
    cur.execute(b''.join(parts))
sqlalchemy.exc.ProgrammingError: (psycopg2.errors.UndefinedColumn) column "is_nonstop" of relation "flight_raw" does not exist
LINE 1: ...ime, airline_name, travel_class, num_stop, price, is_nonstop...
                                                             ^

[SQL: INSERT INTO flight_raw (timestamp, id_departure, id_arrival, departure_datetime, arrival_datetime, airline_name, travel_class, num_stop, price, is_nonstop) VALUES (%(timestamp)s, %(id_departure)s, %(id_arrival)s, %(departure_datetime)s, %(arrival_datetime)s, %(airline_name)s, %(travel_class)s, %(num_stop)s, %(price)s, %(is_nonstop)s)]
[parameters: ({'timestamp': '2025-12-28 19:59:09', 'id_departure': 'HAN', 'id_arrival': 'SGN', 'departure_datetime': '2025-12-28 23:50', 'arrival_datetime': '2025-12-29 02:10', 'airline_name': 'Vietravel Airlines', 'travel_class': 'Economy', 'num_stop': None, 'price': '1981240', 'is_nonstop': True}, {'timestamp': '2025-12-28 19:59:09', 'id_departure': 'HAN', 'id_arrival': 'SGN', 'departure_datetime': '2025-12-28 21:00', 'arrival_datetime': '2025-12-28 23:10', 'airline_name': 'Vietnam Airlines', 'travel_class': 'Economy', 'num_stop': None, 'price': '2188000', 'is_nonstop': True}, {'timestamp': '2025-12-28 19:59:09', 'id_departure': 'HAN', 'id_arrival': 'SGN', 'departure_datetime': '2025-12-28 21:00', 'arrival_datetime': '2025-12-28 23:10', 'airline_name': 'Vietnam Airlines', 'travel_class': 'Economy', 'num_stop': None, 'price': '2394000', 'is_nonstop': True}, {'timestamp': '2025-12-28 19:59:09', 'id_departure': 'HAN', 'id_arrival': 'SGN', 'departure_datetime': '2025-12-28 20:30', 'arrival_datetime': '2025-12-28 22:45', 'airline_name': 'Bamboo Airways', 'travel_class': 'Economy', 'num_stop': None, 'price': '2582000', 'is_nonstop': True}, {'timestamp': '2025-12-28 19:59:09', 'id_departure': 'HAN', 'id_arrival': 'SGN', 'departure_datetime': '2025-12-28 21:50', 'arrival_datetime': '2025-12-29 00:05', 'airline_name': 'Bamboo Airways', 'travel_class': 'Economy', 'num_stop': None, 'price': '2808000', 'is_nonstop': True}, {'timestamp': '2025-12-28 19:59:09', 'id_departure': 'HAN', 'id_arrival': 'SGN', 'departure_datetime': '2025-12-28 22:35', 'arrival_datetime': '2025-12-29 00:50', 'airline_name': 'Bamboo Airways', 'travel_class': 'Economy', 'num_stop': None, 'price': '2808000', 'is_nonstop': True}, {'timestamp': '2025-12-28 19:59:09', 'id_departure': 'HAN', 'id_arrival': 'SGN', 'departure_datetime': '2025-12-28 22:20', 'arrival_datetime': '2025-12-29 00:30', 'airline_name': 'Vietnam Airlines', 'travel_class': 'Economy', 'num_stop': None, 'price': '2836000', 'is_nonstop': True}, {'timestamp': '2025-12-28 19:59:09', 'id_departure': 'HAN', 'id_arrival': 'SGN', 'departure_datetime': '2025-12-28 23:00', 'arrival_datetime': '2025-12-29 01:10', 'airline_name': 'Vietnam Airlines', 'travel_class': 'Economy', 'num_stop': None, 'price': '2836000', 'is_nonstop': True}  ... displaying 10 of 484 total bound parameter sets ...  {'timestamp': '2025-12-28 20:06:04', 'id_departure': 'HAN', 'id_arrival': 'SGN', 'departure_datetime': '2026-01-02 11:05', 'arrival_datetime': '2026-01-02 18:35', 'airline_name': 'Cathay Pacific', 'travel_class': 'Business', 'num_stop': None, 'price': '19193000', 'is_nonstop': False}, {'timestamp': '2025-12-28 20:06:04', 'id_departure': 'HAN', 'id_arrival': 'SGN', 'departure_datetime': '2026-01-02 12:35', 'arrival_datetime': '2026-01-02 22:00', 'airline_name': 'EVA Air', 'travel_class': 'Business', 'num_stop': None, 'price': '21029000', 'is_nonstop': False})]
(Background on this error at: https://sqlalche.me/e/14/f405)
[2025-12-28T20:06:21.472+0700] {taskinstance.py:1206} INFO - Marking task as UP_FOR_RETRY. dag_id=flight_ingestion_v2, task_id=extract_task, run_id=manual__2025-12-28T12:58:51.762929+00:00, execution_date=20251228T125851, start_date=20251228T125854, end_date=20251228T130621
[2025-12-28T20:06:21.509+0700] {standard_task_runner.py:110} ERROR - Failed to execute job 2 for task extract_task ((psycopg2.errors.UndefinedColumn) column "is_nonstop" of relation "flight_raw" does not exist
LINE 1: ...ime, airline_name, travel_class, num_stop, price, is_nonstop...
                                                             ^

[SQL: INSERT INTO flight_raw (timestamp, id_departure, id_arrival, departure_datetime, arrival_datetime, airline_name, travel_class, num_stop, price, is_nonstop) VALUES (%(timestamp)s, %(id_departure)s, %(id_arrival)s, %(departure_datetime)s, %(arrival_datetime)s, %(airline_name)s, %(travel_class)s, %(num_stop)s, %(price)s, %(is_nonstop)s)]
[parameters: ({'timestamp': '2025-12-28 19:59:09', 'id_departure': 'HAN', 'id_arrival': 'SGN', 'departure_datetime': '2025-12-28 23:50', 'arrival_datetime': '2025-12-29 02:10', 'airline_name': 'Vietravel Airlines', 'travel_class': 'Economy', 'num_stop': None, 'price': '1981240', 'is_nonstop': True}, {'timestamp': '2025-12-28 19:59:09', 'id_departure': 'HAN', 'id_arrival': 'SGN', 'departure_datetime': '2025-12-28 21:00', 'arrival_datetime': '2025-12-28 23:10', 'airline_name': 'Vietnam Airlines', 'travel_class': 'Economy', 'num_stop': None, 'price': '2188000', 'is_nonstop': True}, {'timestamp': '2025-12-28 19:59:09', 'id_departure': 'HAN', 'id_arrival': 'SGN', 'departure_datetime': '2025-12-28 21:00', 'arrival_datetime': '2025-12-28 23:10', 'airline_name': 'Vietnam Airlines', 'travel_class': 'Economy', 'num_stop': None, 'price': '2394000', 'is_nonstop': True}, {'timestamp': '2025-12-28 19:59:09', 'id_departure': 'HAN', 'id_arrival': 'SGN', 'departure_datetime': '2025-12-28 20:30', 'arrival_datetime': '2025-12-28 22:45', 'airline_name': 'Bamboo Airways', 'travel_class': 'Economy', 'num_stop': None, 'price': '2582000', 'is_nonstop': True}, {'timestamp': '2025-12-28 19:59:09', 'id_departure': 'HAN', 'id_arrival': 'SGN', 'departure_datetime': '2025-12-28 21:50', 'arrival_datetime': '2025-12-29 00:05', 'airline_name': 'Bamboo Airways', 'travel_class': 'Economy', 'num_stop': None, 'price': '2808000', 'is_nonstop': True}, {'timestamp': '2025-12-28 19:59:09', 'id_departure': 'HAN', 'id_arrival': 'SGN', 'departure_datetime': '2025-12-28 22:35', 'arrival_datetime': '2025-12-29 00:50', 'airline_name': 'Bamboo Airways', 'travel_class': 'Economy', 'num_stop': None, 'price': '2808000', 'is_nonstop': True}, {'timestamp': '2025-12-28 19:59:09', 'id_departure': 'HAN', 'id_arrival': 'SGN', 'departure_datetime': '2025-12-28 22:20', 'arrival_datetime': '2025-12-29 00:30', 'airline_name': 'Vietnam Airlines', 'travel_class': 'Economy', 'num_stop': None, 'price': '2836000', 'is_nonstop': True}, {'timestamp': '2025-12-28 19:59:09', 'id_departure': 'HAN', 'id_arrival': 'SGN', 'departure_datetime': '2025-12-28 23:00', 'arrival_datetime': '2025-12-29 01:10', 'airline_name': 'Vietnam Airlines', 'travel_class': 'Economy', 'num_stop': None, 'price': '2836000', 'is_nonstop': True}  ... displaying 10 of 484 total bound parameter sets ...  {'timestamp': '2025-12-28 20:06:04', 'id_departure': 'HAN', 'id_arrival': 'SGN', 'departure_datetime': '2026-01-02 11:05', 'arrival_datetime': '2026-01-02 18:35', 'airline_name': 'Cathay Pacific', 'travel_class': 'Business', 'num_stop': None, 'price': '19193000', 'is_nonstop': False}, {'timestamp': '2025-12-28 20:06:04', 'id_departure': 'HAN', 'id_arrival': 'SGN', 'departure_datetime': '2026-01-02 12:35', 'arrival_datetime': '2026-01-02 22:00', 'airline_name': 'EVA Air', 'travel_class': 'Business', 'num_stop': None, 'price': '21029000', 'is_nonstop': False})]
(Background on this error at: https://sqlalche.me/e/14/f405); 178)
[2025-12-28T20:06:21.549+0700] {local_task_job_runner.py:240} INFO - Task exited with return code 1
[2025-12-28T20:06:21.596+0700] {taskinstance.py:3498} INFO - 0 downstream tasks scheduled from follow-on schedule check
[2025-12-28T20:06:21.599+0700] {local_task_job_runner.py:222} INFO - ::endgroup::
