[2025-11-26T15:44:45.014+0000] {manager.py:487} INFO - Processing files using up to 2 processes at a time 
[2025-11-26T15:44:45.015+0000] {manager.py:488} INFO - Process each file at most once every 30 seconds
[2025-11-26T15:44:45.015+0000] {manager.py:489} INFO - Checking for new files in /opt/airflow/dags every 300 seconds
[2025-11-26T15:44:45.015+0000] {manager.py:759} INFO - Searching for files in /opt/airflow/dags
[2025-11-26T15:44:45.017+0000] {manager.py:762} INFO - There are 1 files in /opt/airflow/dags
[2025-11-26T15:44:45.152+0000] {manager.py:893} INFO - 
================================================================================
DAG File Processing Stats

File Path                             PID  Runtime      # DAGs    # Errors  Last Runtime    Last Run
----------------------------------  -----  ---------  --------  ----------  --------------  ----------
/opt/airflow/dags/ingestion_dag.py    163  0.06s             0           0
================================================================================
[2025-11-26T15:45:15.444+0000] {manager.py:893} INFO - 
================================================================================
DAG File Processing Stats

File Path                           PID    Runtime      # DAGs    # Errors  Last Runtime    Last Run
----------------------------------  -----  ---------  --------  ----------  --------------  -------------------
/opt/airflow/dags/ingestion_dag.py                           1           0  4.39s           2025-11-26T15:44:49
================================================================================
[2025-11-26T15:45:45.698+0000] {manager.py:893} INFO - 
================================================================================
DAG File Processing Stats

File Path                           PID    Runtime      # DAGs    # Errors  Last Runtime    Last Run
----------------------------------  -----  ---------  --------  ----------  --------------  -------------------
/opt/airflow/dags/ingestion_dag.py                           1           0  0.85s           2025-11-26T15:45:20
================================================================================
[2025-11-26T15:46:15.827+0000] {manager.py:893} INFO - 
================================================================================
DAG File Processing Stats

File Path                           PID    Runtime      # DAGs    # Errors  Last Runtime    Last Run
----------------------------------  -----  ---------  --------  ----------  --------------  -------------------
/opt/airflow/dags/ingestion_dag.py                           1           0  0.89s           2025-11-26T15:45:51
================================================================================
[2025-11-26T15:46:45.837+0000] {manager.py:893} INFO - 
================================================================================
DAG File Processing Stats

File Path                           PID    Runtime      # DAGs    # Errors  Last Runtime    Last Run
----------------------------------  -----  ---------  --------  ----------  --------------  -------------------
/opt/airflow/dags/ingestion_dag.py                           1           0  0.85s           2025-11-26T15:46:22
================================================================================
[2025-11-26T15:47:16.004+0000] {manager.py:893} INFO - 
================================================================================
DAG File Processing Stats

File Path                           PID    Runtime      # DAGs    # Errors  Last Runtime    Last Run
----------------------------------  -----  ---------  --------  ----------  --------------  -------------------
/opt/airflow/dags/ingestion_dag.py                           1           0  0.94s           2025-11-26T15:46:53
================================================================================
[2025-11-26T15:47:46.140+0000] {manager.py:893} INFO - 
================================================================================
DAG File Processing Stats

File Path                           PID    Runtime      # DAGs    # Errors  Last Runtime    Last Run
----------------------------------  -----  ---------  --------  ----------  --------------  -------------------
/opt/airflow/dags/ingestion_dag.py                           1           0  0.89s           2025-11-26T15:47:24
================================================================================
[2025-11-26T15:48:16.366+0000] {manager.py:893} INFO - 
================================================================================
DAG File Processing Stats

File Path                           PID    Runtime      # DAGs    # Errors  Last Runtime    Last Run
----------------------------------  -----  ---------  --------  ----------  --------------  -------------------
/opt/airflow/dags/ingestion_dag.py                           1           0  0.97s           2025-11-26T15:47:56
================================================================================
[2025-11-26T15:48:46.588+0000] {manager.py:893} INFO - 
================================================================================
DAG File Processing Stats

File Path                           PID    Runtime      # DAGs    # Errors  Last Runtime    Last Run
----------------------------------  -----  ---------  --------  ----------  --------------  -------------------
/opt/airflow/dags/ingestion_dag.py                           1           0  0.96s           2025-11-26T15:48:27
================================================================================
[2025-11-26T15:49:16.644+0000] {manager.py:893} INFO - 
================================================================================
DAG File Processing Stats

File Path                           PID    Runtime      # DAGs    # Errors  Last Runtime    Last Run
----------------------------------  -----  ---------  --------  ----------  --------------  -------------------
/opt/airflow/dags/ingestion_dag.py                           1           0  0.88s           2025-11-26T15:48:58
================================================================================
[2025-11-26T15:49:45.610+0000] {manager.py:759} INFO - Searching for files in /opt/airflow/dags
[2025-11-26T15:49:45.612+0000] {manager.py:762} INFO - There are 1 files in /opt/airflow/dags
[2025-11-26T15:49:46.789+0000] {manager.py:893} INFO - 
================================================================================
DAG File Processing Stats

File Path                           PID    Runtime      # DAGs    # Errors  Last Runtime    Last Run
----------------------------------  -----  ---------  --------  ----------  --------------  -------------------
/opt/airflow/dags/ingestion_dag.py                           1           0  0.91s           2025-11-26T15:49:29
================================================================================
[2025-11-26T15:50:16.952+0000] {manager.py:893} INFO - 
================================================================================
DAG File Processing Stats

File Path                           PID    Runtime      # DAGs    # Errors  Last Runtime    Last Run
----------------------------------  -----  ---------  --------  ----------  --------------  -------------------
/opt/airflow/dags/ingestion_dag.py                           1           0  0.85s           2025-11-26T15:50:00
================================================================================
[2025-11-26T15:50:47.159+0000] {manager.py:893} INFO - 
================================================================================
DAG File Processing Stats

File Path                           PID    Runtime      # DAGs    # Errors  Last Runtime    Last Run
----------------------------------  -----  ---------  --------  ----------  --------------  -------------------
/opt/airflow/dags/ingestion_dag.py                           1           0  0.89s           2025-11-26T15:50:31
================================================================================
[2025-11-26T15:51:17.404+0000] {manager.py:893} INFO - 
================================================================================
DAG File Processing Stats

File Path                           PID    Runtime      # DAGs    # Errors  Last Runtime    Last Run
----------------------------------  -----  ---------  --------  ----------  --------------  -------------------
/opt/airflow/dags/ingestion_dag.py                           1           0  0.89s           2025-11-26T15:51:02
================================================================================
[2025-11-26T15:51:47.659+0000] {manager.py:893} INFO - 
================================================================================
DAG File Processing Stats

File Path                           PID    Runtime      # DAGs    # Errors  Last Runtime    Last Run
----------------------------------  -----  ---------  --------  ----------  --------------  -------------------
/opt/airflow/dags/ingestion_dag.py                           1           0  0.88s           2025-11-26T15:51:33
================================================================================
[2025-11-26T15:52:17.914+0000] {manager.py:893} INFO - 
================================================================================
DAG File Processing Stats

File Path                           PID    Runtime      # DAGs    # Errors  Last Runtime    Last Run
----------------------------------  -----  ---------  --------  ----------  --------------  -------------------
/opt/airflow/dags/ingestion_dag.py                           1           0  0.99s           2025-11-26T15:52:05
================================================================================
[2025-11-26T15:52:48.163+0000] {manager.py:893} INFO - 
================================================================================
DAG File Processing Stats

File Path                           PID    Runtime      # DAGs    # Errors  Last Runtime    Last Run
----------------------------------  -----  ---------  --------  ----------  --------------  -------------------
/opt/airflow/dags/ingestion_dag.py                           1           0  0.87s           2025-11-26T15:52:36
================================================================================
[2025-11-26T15:53:18.352+0000] {manager.py:893} INFO - 
================================================================================
DAG File Processing Stats

File Path                           PID    Runtime      # DAGs    # Errors  Last Runtime    Last Run
----------------------------------  -----  ---------  --------  ----------  --------------  -------------------
/opt/airflow/dags/ingestion_dag.py                           1           0  0.93s           2025-11-26T15:53:07
================================================================================
[2025-11-26T15:53:48.482+0000] {manager.py:893} INFO - 
================================================================================
DAG File Processing Stats

File Path                           PID    Runtime      # DAGs    # Errors  Last Runtime    Last Run
----------------------------------  -----  ---------  --------  ----------  --------------  -------------------
/opt/airflow/dags/ingestion_dag.py                           1           0  0.88s           2025-11-26T15:53:38
================================================================================
[2025-11-26T15:54:18.671+0000] {manager.py:893} INFO - 
================================================================================
DAG File Processing Stats

File Path                           PID    Runtime      # DAGs    # Errors  Last Runtime    Last Run
----------------------------------  -----  ---------  --------  ----------  --------------  -------------------
/opt/airflow/dags/ingestion_dag.py                           1           0  0.93s           2025-11-26T15:54:09
================================================================================
[2025-11-26T15:54:45.753+0000] {manager.py:759} INFO - Searching for files in /opt/airflow/dags
[2025-11-26T15:54:45.759+0000] {manager.py:762} INFO - There are 1 files in /opt/airflow/dags
[2025-11-26T15:54:48.826+0000] {manager.py:893} INFO - 
================================================================================
DAG File Processing Stats

File Path                           PID    Runtime      # DAGs    # Errors  Last Runtime    Last Run
----------------------------------  -----  ---------  --------  ----------  --------------  -------------------
/opt/airflow/dags/ingestion_dag.py                           1           0  0.86s           2025-11-26T15:54:40
================================================================================
[2025-11-26T15:55:19.071+0000] {manager.py:893} INFO - 
================================================================================
DAG File Processing Stats

File Path                           PID    Runtime      # DAGs    # Errors  Last Runtime    Last Run
----------------------------------  -----  ---------  --------  ----------  --------------  -------------------
/opt/airflow/dags/ingestion_dag.py                           1           0  0.49s           2025-11-26T15:55:11
================================================================================
[2025-11-26T15:55:49.247+0000] {manager.py:893} INFO - 
================================================================================
DAG File Processing Stats

File Path                           PID    Runtime      # DAGs    # Errors  Last Runtime    Last Run
----------------------------------  -----  ---------  --------  ----------  --------------  -------------------
/opt/airflow/dags/ingestion_dag.py                           1           0  0.51s           2025-11-26T15:55:42
================================================================================
[2025-11-26T15:56:19.984+0000] {manager.py:893} INFO - 
================================================================================
DAG File Processing Stats

File Path                           PID    Runtime      # DAGs    # Errors  Last Runtime    Last Run
----------------------------------  -----  ---------  --------  ----------  --------------  -------------------
/opt/airflow/dags/ingestion_dag.py                           1           0  0.57s           2025-11-26T15:56:12
================================================================================
[2025-11-26T15:56:50.228+0000] {manager.py:893} INFO - 
================================================================================
DAG File Processing Stats

File Path                           PID    Runtime      # DAGs    # Errors  Last Runtime    Last Run
----------------------------------  -----  ---------  --------  ----------  --------------  -------------------
/opt/airflow/dags/ingestion_dag.py                           1           0  0.50s           2025-11-26T15:56:43
================================================================================
[2025-11-26T15:57:20.343+0000] {manager.py:893} INFO - 
================================================================================
DAG File Processing Stats

File Path                           PID    Runtime      # DAGs    # Errors  Last Runtime    Last Run
----------------------------------  -----  ---------  --------  ----------  --------------  -------------------
/opt/airflow/dags/ingestion_dag.py                           1           0  0.55s           2025-11-26T15:57:14
================================================================================
[2025-11-26T15:57:50.473+0000] {manager.py:893} INFO - 
================================================================================
DAG File Processing Stats

File Path                           PID    Runtime      # DAGs    # Errors  Last Runtime    Last Run
----------------------------------  -----  ---------  --------  ----------  --------------  -------------------
/opt/airflow/dags/ingestion_dag.py                           1           0  0.53s           2025-11-26T15:57:44
================================================================================
[2025-11-26T15:58:20.575+0000] {manager.py:893} INFO - 
================================================================================
DAG File Processing Stats

File Path                           PID    Runtime      # DAGs    # Errors  Last Runtime    Last Run
----------------------------------  -----  ---------  --------  ----------  --------------  -------------------
/opt/airflow/dags/ingestion_dag.py                           1           0  0.50s           2025-11-26T15:58:15
================================================================================
[2025-11-26T15:58:50.751+0000] {manager.py:893} INFO - 
================================================================================
DAG File Processing Stats

File Path                           PID    Runtime      # DAGs    # Errors  Last Runtime    Last Run
----------------------------------  -----  ---------  --------  ----------  --------------  -------------------
/opt/airflow/dags/ingestion_dag.py                           1           0  0.48s           2025-11-26T15:58:46
================================================================================
[2025-11-26T15:59:20.966+0000] {manager.py:893} INFO - 
================================================================================
DAG File Processing Stats

File Path                           PID    Runtime      # DAGs    # Errors  Last Runtime    Last Run
----------------------------------  -----  ---------  --------  ----------  --------------  -------------------
/opt/airflow/dags/ingestion_dag.py                           1           0  0.56s           2025-11-26T15:59:16
================================================================================
[2025-11-26T15:59:46.150+0000] {manager.py:759} INFO - Searching for files in /opt/airflow/dags
[2025-11-26T15:59:46.152+0000] {manager.py:762} INFO - There are 1 files in /opt/airflow/dags
[2025-11-26T15:59:51.211+0000] {manager.py:893} INFO - 
================================================================================
DAG File Processing Stats

File Path                           PID    Runtime      # DAGs    # Errors  Last Runtime    Last Run
----------------------------------  -----  ---------  --------  ----------  --------------  -------------------
/opt/airflow/dags/ingestion_dag.py                           1           0  0.48s           2025-11-26T15:59:47
================================================================================
[2025-11-26T16:00:21.380+0000] {manager.py:893} INFO - 
================================================================================
DAG File Processing Stats

File Path                           PID    Runtime      # DAGs    # Errors  Last Runtime    Last Run
----------------------------------  -----  ---------  --------  ----------  --------------  -------------------
/opt/airflow/dags/ingestion_dag.py                           1           0  0.51s           2025-11-26T16:00:18
================================================================================
[2025-11-26T16:00:52.105+0000] {manager.py:893} INFO - 
================================================================================
DAG File Processing Stats

File Path                           PID    Runtime      # DAGs    # Errors  Last Runtime    Last Run
----------------------------------  -----  ---------  --------  ----------  --------------  -------------------
/opt/airflow/dags/ingestion_dag.py                           1           0  0.51s           2025-11-26T16:00:49
================================================================================
[2025-11-26T16:01:22.345+0000] {manager.py:893} INFO - 
================================================================================
DAG File Processing Stats

File Path                           PID    Runtime      # DAGs    # Errors  Last Runtime    Last Run
----------------------------------  -----  ---------  --------  ----------  --------------  -------------------
/opt/airflow/dags/ingestion_dag.py                           1           0  0.48s           2025-11-26T16:01:19
================================================================================
[2025-11-26T16:01:52.474+0000] {manager.py:893} INFO - 
================================================================================
DAG File Processing Stats

File Path                           PID    Runtime      # DAGs    # Errors  Last Runtime    Last Run
----------------------------------  -----  ---------  --------  ----------  --------------  -------------------
/opt/airflow/dags/ingestion_dag.py                           1           0  0.47s           2025-11-26T16:01:50
================================================================================
[2025-11-26T16:02:22.674+0000] {manager.py:893} INFO - 
================================================================================
DAG File Processing Stats

File Path                           PID    Runtime      # DAGs    # Errors  Last Runtime    Last Run
----------------------------------  -----  ---------  --------  ----------  --------------  -------------------
/opt/airflow/dags/ingestion_dag.py                           1           0  0.49s           2025-11-26T16:02:21
================================================================================
[2025-11-26T16:02:52.837+0000] {manager.py:893} INFO - 
================================================================================
DAG File Processing Stats

File Path                           PID    Runtime      # DAGs    # Errors  Last Runtime    Last Run
----------------------------------  -----  ---------  --------  ----------  --------------  -------------------
/opt/airflow/dags/ingestion_dag.py                           1           0  0.51s           2025-11-26T16:02:51
================================================================================
[2025-11-26T16:03:23.038+0000] {manager.py:893} INFO - 
================================================================================
DAG File Processing Stats

File Path                           PID    Runtime      # DAGs    # Errors  Last Runtime    Last Run
----------------------------------  -----  ---------  --------  ----------  --------------  -------------------
/opt/airflow/dags/ingestion_dag.py                           1           0  0.46s           2025-11-26T16:03:22
================================================================================
[2025-11-26T16:03:53.194+0000] {manager.py:893} INFO - 
================================================================================
DAG File Processing Stats

File Path                           PID    Runtime      # DAGs    # Errors  Last Runtime    Last Run
----------------------------------  -----  ---------  --------  ----------  --------------  -------------------
/opt/airflow/dags/ingestion_dag.py                           1           0  0.54s           2025-11-26T16:03:53
================================================================================
[2025-11-26T16:04:23.404+0000] {manager.py:893} INFO - 
================================================================================
DAG File Processing Stats

File Path                             PID  Runtime      # DAGs    # Errors  Last Runtime    Last Run
----------------------------------  -----  ---------  --------  ----------  --------------  -------------------
/opt/airflow/dags/ingestion_dag.py    398  0.02s             1           0  0.54s           2025-11-26T16:03:53
================================================================================
[2025-11-26T16:04:47.043+0000] {manager.py:759} INFO - Searching for files in /opt/airflow/dags
[2025-11-26T16:04:47.044+0000] {manager.py:762} INFO - There are 1 files in /opt/airflow/dags
[2025-11-26T16:04:54.108+0000] {manager.py:893} INFO - 
================================================================================
DAG File Processing Stats

File Path                             PID  Runtime      # DAGs    # Errors  Last Runtime    Last Run
----------------------------------  -----  ---------  --------  ----------  --------------  -------------------
/opt/airflow/dags/ingestion_dag.py    404  0.01s             1           0  0.54s           2025-11-26T16:04:23
================================================================================
[2025-11-26T16:05:24.315+0000] {manager.py:893} INFO - 
================================================================================
DAG File Processing Stats

File Path                           PID    Runtime      # DAGs    # Errors  Last Runtime    Last Run
----------------------------------  -----  ---------  --------  ----------  --------------  -------------------
/opt/airflow/dags/ingestion_dag.py                           1           0  0.48s           2025-11-26T16:04:54
================================================================================
[2025-11-26T16:05:54.435+0000] {manager.py:893} INFO - 
================================================================================
DAG File Processing Stats

File Path                           PID    Runtime      # DAGs    # Errors  Last Runtime    Last Run
----------------------------------  -----  ---------  --------  ----------  --------------  -------------------
/opt/airflow/dags/ingestion_dag.py                           1           0  0.47s           2025-11-26T16:05:25
================================================================================
[2025-11-26T16:06:24.659+0000] {manager.py:893} INFO - 
================================================================================
DAG File Processing Stats

File Path                           PID    Runtime      # DAGs    # Errors  Last Runtime    Last Run
----------------------------------  -----  ---------  --------  ----------  --------------  -------------------
/opt/airflow/dags/ingestion_dag.py                           1           0  0.50s           2025-11-26T16:05:55
================================================================================
[2025-11-26T16:06:54.766+0000] {manager.py:893} INFO - 
================================================================================
DAG File Processing Stats

File Path                           PID    Runtime      # DAGs    # Errors  Last Runtime    Last Run
----------------------------------  -----  ---------  --------  ----------  --------------  -------------------
/opt/airflow/dags/ingestion_dag.py                           1           0  0.43s           2025-11-26T16:06:26
================================================================================
