[2025-12-28T21:26:02.915+0700] {local_task_job_runner.py:120} INFO - ::group::Pre task execution logs
[2025-12-28T21:26:02.953+0700] {taskinstance.py:2076} INFO - Dependencies all met for dep_context=non-requeueable deps ti=<TaskInstance: flight_ingestion_v2.extract_task manual__2025-12-28T14:26:01.604826+00:00 [queued]>
[2025-12-28T21:26:02.966+0700] {taskinstance.py:2076} INFO - Dependencies all met for dep_context=requeueable deps ti=<TaskInstance: flight_ingestion_v2.extract_task manual__2025-12-28T14:26:01.604826+00:00 [queued]>
[2025-12-28T21:26:02.966+0700] {taskinstance.py:2306} INFO - Starting attempt 1 of 2
[2025-12-28T21:26:02.993+0700] {taskinstance.py:2330} INFO - Executing <Task(PythonOperator): extract_task> on 2025-12-28 14:26:01.604826+00:00
[2025-12-28T21:26:03.001+0700] {standard_task_runner.py:63} INFO - Started process 520 to run task
[2025-12-28T21:26:03.009+0700] {standard_task_runner.py:90} INFO - Running: ['airflow', 'tasks', 'run', 'flight_ingestion_v2', 'extract_task', 'manual__2025-12-28T14:26:01.604826+00:00', '--job-id', '14', '--raw', '--subdir', 'DAGS_FOLDER/ingestion_dag.py', '--cfg-path', '/tmp/tmpeunqdqg9']
[2025-12-28T21:26:03.011+0700] {standard_task_runner.py:91} INFO - Job 14: Subtask extract_task
[2025-12-28T21:26:03.029+0700] {logging_mixin.py:188} WARNING - /home/airflow/.local/lib/python3.9/site-packages/airflow/settings.py:195 DeprecationWarning: The sql_alchemy_conn option in [core] has been moved to the sql_alchemy_conn option in [database] - the old setting has been used, but please update your config.
[2025-12-28T21:26:03.061+0700] {task_command.py:426} INFO - Running <TaskInstance: flight_ingestion_v2.extract_task manual__2025-12-28T14:26:01.604826+00:00 [running]> on host 905c848feca9
[2025-12-28T21:26:03.151+0700] {taskinstance.py:2648} INFO - Exporting env vars: AIRFLOW_CTX_DAG_OWNER='airflow' AIRFLOW_CTX_DAG_ID='flight_ingestion_v2' AIRFLOW_CTX_TASK_ID='extract_task' AIRFLOW_CTX_EXECUTION_DATE='2025-12-28T14:26:01.604826+00:00' AIRFLOW_CTX_TRY_NUMBER='1' AIRFLOW_CTX_DAG_RUN_ID='manual__2025-12-28T14:26:01.604826+00:00'
[2025-12-28T21:26:03.152+0700] {taskinstance.py:430} INFO - ::endgroup::
[2025-12-28T21:26:03.166+0700] {logging_mixin.py:188} INFO - --- Bắt đầu Extract từ 2025-12-28 đến 2026-01-02 ---
[2025-12-28T21:26:03.172+0700] {logging_mixin.py:188} INFO - Processing: HAN -> SGN on 2025-12-28 (Economy)
[2025-12-28T21:26:12.376+0700] {logging_mixin.py:188} INFO - -> Đã cào được 6 chuyến bay: HAN -> SGN
[2025-12-28T21:26:12.455+0700] {logging_mixin.py:188} INFO - Processing: HAN -> SGN on 2025-12-28 (Business)
[2025-12-28T21:26:24.494+0700] {logging_mixin.py:188} INFO - -> Đã cào được 2 chuyến bay: HAN -> SGN
[2025-12-28T21:26:24.566+0700] {logging_mixin.py:188} INFO - Processing: HAN -> SGN on 2025-12-29 (Economy)
[2025-12-28T21:26:44.418+0700] {logging_mixin.py:188} INFO - -> Đã cào được 63 chuyến bay: HAN -> SGN
[2025-12-28T21:26:44.491+0700] {logging_mixin.py:188} INFO - Processing: HAN -> SGN on 2025-12-29 (Business)
[2025-12-28T21:27:04.749+0700] {logging_mixin.py:188} INFO - -> Đã cào được 26 chuyến bay: HAN -> SGN
[2025-12-28T21:27:04.821+0700] {logging_mixin.py:188} INFO - Processing: HAN -> SGN on 2025-12-30 (Economy)
[2025-12-28T21:27:34.542+0700] {logging_mixin.py:188} INFO - -> Đã cào được 68 chuyến bay: HAN -> SGN
[2025-12-28T21:27:34.616+0700] {logging_mixin.py:188} INFO - Processing: HAN -> SGN on 2025-12-30 (Business)
[2025-12-28T21:27:54.251+0700] {logging_mixin.py:188} INFO - -> Đã cào được 27 chuyến bay: HAN -> SGN
[2025-12-28T21:27:54.325+0700] {logging_mixin.py:188} INFO - Processing: HAN -> SGN on 2025-12-31 (Economy)
[2025-12-28T21:28:16.477+0700] {logging_mixin.py:188} INFO - -> Đã cào được 71 chuyến bay: HAN -> SGN
[2025-12-28T21:28:16.550+0700] {logging_mixin.py:188} INFO - Processing: HAN -> SGN on 2025-12-31 (Business)
[2025-12-28T21:28:34.556+0700] {logging_mixin.py:188} INFO - -> Đã cào được 27 chuyến bay: HAN -> SGN
[2025-12-28T21:28:34.629+0700] {logging_mixin.py:188} INFO - Processing: HAN -> SGN on 2026-01-01 (Economy)
[2025-12-28T21:28:54.988+0700] {logging_mixin.py:188} INFO - -> Đã cào được 63 chuyến bay: HAN -> SGN
[2025-12-28T21:28:55.062+0700] {logging_mixin.py:188} INFO - Processing: HAN -> SGN on 2026-01-01 (Business)
[2025-12-28T21:29:08.350+0700] {logging_mixin.py:188} INFO - -> Đã cào được 29 chuyến bay: HAN -> SGN
[2025-12-28T21:29:08.424+0700] {logging_mixin.py:188} INFO - Processing: HAN -> SGN on 2026-01-02 (Economy)
[2025-12-28T21:29:29.537+0700] {logging_mixin.py:188} INFO - -> Đã cào được 65 chuyến bay: HAN -> SGN
[2025-12-28T21:29:29.615+0700] {logging_mixin.py:188} INFO - Processing: HAN -> SGN on 2026-01-02 (Business)
[2025-12-28T21:29:48.063+0700] {logging_mixin.py:188} INFO - -> Đã cào được 30 chuyến bay: HAN -> SGN
[2025-12-28T21:29:48.188+0700] {logging_mixin.py:188} INFO - ✅ Đã lưu 477 dòng vào bảng flight_raw
[2025-12-28T21:29:48.189+0700] {python.py:237} INFO - Done. Returned value was: None
[2025-12-28T21:29:48.190+0700] {taskinstance.py:441} INFO - ::group::Post task execution logs
[2025-12-28T21:29:48.198+0700] {taskinstance.py:1206} INFO - Marking task as SUCCESS. dag_id=flight_ingestion_v2, task_id=extract_task, run_id=manual__2025-12-28T14:26:01.604826+00:00, execution_date=20251228T142601, start_date=20251228T142602, end_date=20251228T142948
[2025-12-28T21:29:48.228+0700] {local_task_job_runner.py:240} INFO - Task exited with return code 0
[2025-12-28T21:29:48.246+0700] {taskinstance.py:3498} INFO - 1 downstream tasks scheduled from follow-on schedule check
[2025-12-28T21:29:48.249+0700] {local_task_job_runner.py:222} INFO - ::endgroup::
